Archive member included to satisfy reference by file (symbol)

/usr/lib/gcc/arm-none-eabi/10.3.1/thumb/v6-m/nofp/libgcc.a(_dvmd_tls.o)
                              CMakeFiles/nebulizer_firmware.dir/home/xuan/pico-sdk/src/rp2_common/pico_divider/divider_hardware.S.o (__aeabi_idiv0)
/usr/lib/gcc/arm-none-eabi/10.3.1/../../../arm-none-eabi/lib/thumb/v6-m/nofp/libg.a(lib_a-atexit.o)
                              /usr/lib/gcc/arm-none-eabi/10.3.1/../../../arm-none-eabi/lib/thumb/v6-m/nofp/crt0.o (atexit)
/usr/lib/gcc/arm-none-eabi/10.3.1/../../../arm-none-eabi/lib/thumb/v6-m/nofp/libg.a(lib_a-calloc.o)
                              CMakeFiles/nebulizer_firmware.dir/home/xuan/pico-sdk/src/rp2_common/pico_malloc/malloc.c.o (calloc)
/usr/lib/gcc/arm-none-eabi/10.3.1/../../../arm-none-eabi/lib/thumb/v6-m/nofp/libg.a(lib_a-callocr.o)
                              /usr/lib/gcc/arm-none-eabi/10.3.1/../../../arm-none-eabi/lib/thumb/v6-m/nofp/libg.a(lib_a-calloc.o) (_calloc_r)
/usr/lib/gcc/arm-none-eabi/10.3.1/../../../arm-none-eabi/lib/thumb/v6-m/nofp/libg.a(lib_a-fini.o)
                              /usr/lib/gcc/arm-none-eabi/10.3.1/../../../arm-none-eabi/lib/thumb/v6-m/nofp/crt0.o (__libc_fini_array)
/usr/lib/gcc/arm-none-eabi/10.3.1/../../../arm-none-eabi/lib/thumb/v6-m/nofp/libg.a(lib_a-impure.o)
                              /usr/lib/gcc/arm-none-eabi/10.3.1/../../../arm-none-eabi/lib/thumb/v6-m/nofp/libg.a(lib_a-calloc.o) (_impure_ptr)
/usr/lib/gcc/arm-none-eabi/10.3.1/../../../arm-none-eabi/lib/thumb/v6-m/nofp/libg.a(lib_a-init.o)
                              /usr/lib/gcc/arm-none-eabi/10.3.1/../../../arm-none-eabi/lib/thumb/v6-m/nofp/crt0.o (__libc_init_array)
/usr/lib/gcc/arm-none-eabi/10.3.1/../../../arm-none-eabi/lib/thumb/v6-m/nofp/libg.a(lib_a-lcltime_r.o)
                              CMakeFiles/nebulizer_firmware.dir/home/xuan/pico-sdk/src/common/pico_util/datetime.c.o (localtime_r)
/usr/lib/gcc/arm-none-eabi/10.3.1/../../../arm-none-eabi/lib/thumb/v6-m/nofp/libg.a(lib_a-malloc.o)
                              CMakeFiles/nebulizer_firmware.dir/home/xuan/pico-sdk/src/rp2_common/pico_malloc/malloc.c.o (malloc)
/usr/lib/gcc/arm-none-eabi/10.3.1/../../../arm-none-eabi/lib/thumb/v6-m/nofp/libg.a(lib_a-mallocr.o)
                              /usr/lib/gcc/arm-none-eabi/10.3.1/../../../arm-none-eabi/lib/thumb/v6-m/nofp/libg.a(lib_a-callocr.o) (_malloc_r)
/usr/lib/gcc/arm-none-eabi/10.3.1/../../../arm-none-eabi/lib/thumb/v6-m/nofp/libg.a(lib_a-memcmp.o)
                              CMakeFiles/nebulizer_firmware.dir/home/xuan/pico-sdk/src/rp2_common/pico_atomic/atomic.c.o (memcmp)
/usr/lib/gcc/arm-none-eabi/10.3.1/../../../arm-none-eabi/lib/thumb/v6-m/nofp/libg.a(lib_a-mktime.o)
                              CMakeFiles/nebulizer_firmware.dir/home/xuan/pico-sdk/src/common/pico_util/datetime.c.o (mktime)
/usr/lib/gcc/arm-none-eabi/10.3.1/../../../arm-none-eabi/lib/thumb/v6-m/nofp/libg.a(lib_a-mlock.o)
                              /usr/lib/gcc/arm-none-eabi/10.3.1/../../../arm-none-eabi/lib/thumb/v6-m/nofp/libg.a(lib_a-mallocr.o) (__malloc_lock)
/usr/lib/gcc/arm-none-eabi/10.3.1/../../../arm-none-eabi/lib/thumb/v6-m/nofp/libg.a(lib_a-month_lengths.o)
                              /usr/lib/gcc/arm-none-eabi/10.3.1/../../../arm-none-eabi/lib/thumb/v6-m/nofp/libg.a(lib_a-lcltime_r.o) (__month_lengths)
/usr/lib/gcc/arm-none-eabi/10.3.1/../../../arm-none-eabi/lib/thumb/v6-m/nofp/libg.a(lib_a-realloc.o)
                              CMakeFiles/nebulizer_firmware.dir/home/xuan/pico-sdk/src/rp2_common/pico_malloc/malloc.c.o (realloc)
/usr/lib/gcc/arm-none-eabi/10.3.1/../../../arm-none-eabi/lib/thumb/v6-m/nofp/libg.a(lib_a-reallocr.o)
                              /usr/lib/gcc/arm-none-eabi/10.3.1/../../../arm-none-eabi/lib/thumb/v6-m/nofp/libg.a(lib_a-realloc.o) (_realloc_r)
/usr/lib/gcc/arm-none-eabi/10.3.1/../../../arm-none-eabi/lib/thumb/v6-m/nofp/libg.a(lib_a-sbrkr.o)
                              /usr/lib/gcc/arm-none-eabi/10.3.1/../../../arm-none-eabi/lib/thumb/v6-m/nofp/libg.a(lib_a-mallocr.o) (_sbrk_r)
/usr/lib/gcc/arm-none-eabi/10.3.1/../../../arm-none-eabi/lib/thumb/v6-m/nofp/libg.a(lib_a-sscanf.o)
                              CMakeFiles/nebulizer_firmware.dir/nebulizer_firmware.c.o (sscanf)
/usr/lib/gcc/arm-none-eabi/10.3.1/../../../arm-none-eabi/lib/thumb/v6-m/nofp/libg.a(lib_a-stdio.o)
                              /usr/lib/gcc/arm-none-eabi/10.3.1/../../../arm-none-eabi/lib/thumb/v6-m/nofp/libg.a(lib_a-sscanf.o) (__seofread)
/usr/lib/gcc/arm-none-eabi/10.3.1/../../../arm-none-eabi/lib/thumb/v6-m/nofp/libg.a(lib_a-strlen-stub.o)
                              CMakeFiles/nebulizer_firmware.dir/home/xuan/pico-sdk/src/rp2_common/pico_stdio/stdio.c.o (strlen)
/usr/lib/gcc/arm-none-eabi/10.3.1/../../../arm-none-eabi/lib/thumb/v6-m/nofp/libg.a(lib_a-svfscanf.o)
                              /usr/lib/gcc/arm-none-eabi/10.3.1/../../../arm-none-eabi/lib/thumb/v6-m/nofp/libg.a(lib_a-sscanf.o) (__ssvfscanf_r)
[...]
Memory Configuration

Name             Origin             Length             Attributes
FLASH            0x0000000010000000 0x0000000000200000 xr
RAM              0x0000000020000000 0x0000000000040000 xrw
SCRATCH_X        0x0000000020040000 0x0000000000001000 xrw
SCRATCH_Y        0x0000000020041000 0x0000000000001000 xrw
*default*        0x0000000000000000 0xffffffffffffffff

Linker script and memory map

LOAD /usr/lib/gcc/arm-none-eabi/10.3.1/thumb/v6-m/nofp/crti.o
LOAD /usr/lib/gcc/arm-none-eabi/10.3.1/thumb/v6-m/nofp/crtbegin.o
LOAD /usr/lib/gcc/arm-none-eabi/10.3.1/../../../arm-none-eabi/lib/thumb/v6-m/nofp/crt0.o

.flash_begin    0x0000000010000000        0x0
                0x0000000010000000                __flash_binary_start = .

.boot2          0x0000000010000000      0x100
                0x0000000010000000                __boot2_start__ = .
 *(.boot2)
 .boot2         0x0000000010000000      0x100 pico-sdk/src/rp2040/boot_stage2/CMakeFiles/bs2_default_library.dir/bs2_default_padded_checksummed.S.o
                0x0000000010000100                __boot2_end__ = .
                0x0000000000000001                ASSERT (((__boot2_end__ - __boot2_start__) == 0x100), ERROR: Pico second stage bootloader must be 256 bytes in size)

.text           0x0000000010000100     0xd5ac
                0x0000000010000100                __logical_binary_start = .
 *(.vectors)
 .vectors       0x0000000010000100       0xd4 CMakeFiles/nebulizer_firmware.dir/home/xuan/pico-sdk/src/rp2_common/pico_crt0/crt0.S.o
                0x0000000010000100                __vectors
                0x0000000010000100                __VECTOR_TABLE
                0x00000000100001c0                isr_invalid
                0x00000000100001c0                __default_isrs_start
                0x00000000100001c2                isr_nmi
                0x00000000100001c4                isr_hardfault
                0x00000000100001c6                isr_svcall
                0x00000000100001c8                isr_pendsv
                0x00000000100001ca                isr_systick
                0x00000000100001cc                isr_irq30
                0x00000000100001cc                __unhandled_user_irq
                0x00000000100001cc                isr_irq13
                0x00000000100001cc                isr_irq27
                0x00000000100001cc                isr_irq31
                0x00000000100001cc                isr_irq5
                0x00000000100001cc                isr_irq11
                0x00000000100001cc                isr_irq23
                0x00000000100001cc                isr_irq18
                0x00000000100001cc                isr_irq28
                0x00000000100001cc                isr_irq19
                0x00000000100001cc                isr_irq0
                0x00000000100001cc                isr_irq6
                0x00000000100001cc                isr_irq22
                0x00000000100001cc                isr_irq17
                0x00000000100001cc                isr_irq14
                0x00000000100001cc                isr_irq2
                0x00000000100001cc                isr_irq10
                0x00000000100001cc                isr_irq8
                0x00000000100001cc                isr_irq24
                0x00000000100001cc                isr_irq1
                0x00000000100001cc                isr_irq7
                0x00000000100001cc                isr_irq21
                0x00000000100001cc                isr_irq20
                0x00000000100001cc                isr_irq15
                0x00000000100001cc                isr_irq25
                0x00000000100001cc                isr_irq4
                0x00000000100001cc                isr_irq16
                0x00000000100001cc                isr_irq29
                0x00000000100001cc                isr_irq26
                0x00000000100001cc                __default_isrs_end
                0x00000000100001cc                isr_irq3
                0x00000000100001cc                isr_irq12
                0x00000000100001cc                isr_irq9
                0x00000000100001d2                unhandled_user_irq_num_in_r0
 *(.binary_info_header)
 .binary_info_header
                0x00000000100001d4       0x14 CMakeFiles/nebulizer_firmware.dir/home/xuan/pico-sdk/src/rp2_common/pico_crt0/crt0.S.o
                0x00000000100001e8                __binary_info_header_end = .
 *(.embedded_block)
                0x00000000100001e8                __embedded_block_end = .
 *(.reset)
 .reset         0x00000000100001e8       0x9c CMakeFiles/nebulizer_firmware.dir/home/xuan/pico-sdk/src/rp2_common/pico_crt0/crt0.S.o
                0x00000000100001e8                _entry_point
 *(.init)
 .init          0x0000000010000284        0x4 /usr/lib/gcc/arm-none-eabi/10.3.1/thumb/v6-m/nofp/crti.o
                0x0000000010000284                _init
 *(EXCLUDE_FILE(*libm.a: *libc.a:*lib_a-mem*.o *libgcc.a:) .text*)
 .text          0x0000000010000288       0x98 /usr/lib/gcc/arm-none-eabi/10.3.1/thumb/v6-m/nofp/crtbegin.o
 .text.nebulizer_timer_callback
                0x0000000010000320       0x44 CMakeFiles/nebulizer_firmware.dir/nebulizer_firmware.c.o
                0x0000000010000320                nebulizer_timer_callback
 .text.init_gpio
                0x0000000010000364       0x50 CMakeFiles/nebulizer_firmware.dir/nebulizer_firmware.c.o
                0x0000000010000364                init_gpio
 .text.control_nebulizer
                0x00000000100003b4       0xe8 CMakeFiles/nebulizer_firmware.dir/nebulizer_firmware.c.o
                0x00000000100003b4                control_nebulizer
 .text.startup.main
                0x000000001000049c       0xa0 CMakeFiles/nebulizer_firmware.dir/nebulizer_firmware.c.o
                0x000000001000049c                main
 .text.gpio_set_function
                0x000000001000053c       0x34 CMakeFiles/nebulizer_firmware.dir/home/xuan/pico-sdk/src/rp2_common/hardware_gpio/gpio.c.o
                0x000000001000053c                gpio_set_function
 .text.gpio_init
                0x0000000010000570       0x40 CMakeFiles/nebulizer_firmware.dir/home/xuan/pico-sdk/src/rp2_common/hardware_gpio/gpio.c.o
                0x0000000010000570                gpio_init
 .text.rp2040_chip_version
                0x00000000100005b0        0xc CMakeFiles/nebulizer_firmware.dir/home/xuan/pico-sdk/src/rp2040/pico_platform/platform.c.o
                0x00000000100005b0                rp2040_chip_version
 .text.panic    0x00000000100005bc       0x30 CMakeFiles/nebulizer_firmware.dir/home/xuan/pico-sdk/src/rp2_common/pico_platform_panic/panic.c.o
                0x00000000100005bc                panic
 .text.hw_claim_or_assert
                0x00000000100005ec       0x44 CMakeFiles/nebulizer_firmware.dir/home/xuan/pico-sdk/src/common/hardware_claim/claim.c.o
                0x00000000100005ec                hw_claim_or_assert
 .text.hw_claim_unused_from_range
                0x0000000010000630       0x9c CMakeFiles/nebulizer_firmware.dir/home/xuan/pico-sdk/src/common/hardware_claim/claim.c.o
                0x0000000010000630                hw_claim_unused_from_range
 .text.next_striped_spin_lock_num
                0x00000000100006cc       0x18 CMakeFiles/nebulizer_firmware.dir/home/xuan/pico-sdk/src/rp2_common/hardware_sync/sync.c.o
                0x00000000100006cc                next_striped_spin_lock_num
 .text.spin_lock_claim_unused
                0x00000000100006e4       0x20 CMakeFiles/nebulizer_firmware.dir/home/xuan/pico-sdk/src/rp2_common/hardware_sync/sync.c.o
                0x00000000100006e4                spin_lock_claim_unused
 .text.spin_locks_reset
                0x0000000010000704       0x1c CMakeFiles/nebulizer_firmware.dir/home/xuan/pico-sdk/src/rp2_common/hardware_sync_spin_lock/sync_spin_lock.c.o
                0x0000000010000704                spin_locks_reset
 .text.runtime_init_per_core_irq_priorities
                0x0000000010000720       0x24 CMakeFiles/nebulizer_firmware.dir/home/xuan/pico-sdk/src/rp2_common/hardware_irq/irq.c.o
                0x0000000010000720                runtime_init_per_core_irq_priorities
 .text.irq_set_enabled
                0x0000000010000744       0x24 CMakeFiles/nebulizer_firmware.dir/home/xuan/pico-sdk/src/rp2_common/hardware_irq/irq.c.o
                0x0000000010000744                irq_set_enabled
 .text.irq_is_enabled
                0x0000000010000768       0x18 CMakeFiles/nebulizer_firmware.dir/home/xuan/pico-sdk/src/rp2_common/hardware_irq/irq.c.o
                0x0000000010000768                irq_is_enabled
 .text.irq_set_pending
                0x0000000010000780       0x10 CMakeFiles/nebulizer_firmware.dir/home/xuan/pico-sdk/src/rp2_common/hardware_irq/irq.c.o
                0x0000000010000780                irq_set_pending
 .text.irq_has_shared_handler
                0x0000000010000790       0x24 CMakeFiles/nebulizer_firmware.dir/home/xuan/pico-sdk/src/rp2_common/hardware_irq/irq.c.o
                0x0000000010000790                irq_has_shared_handler
 .text.irq_set_exclusive_handler
                0x00000000100007b4       0x54 CMakeFiles/nebulizer_firmware.dir/home/xuan/pico-sdk/src/rp2_common/hardware_irq/irq.c.o
                0x00000000100007b4                irq_set_exclusive_handler
 .text.irq_add_shared_handler
                0x0000000010000808      0x1e8 CMakeFiles/nebulizer_firmware.dir/home/xuan/pico-sdk/src/rp2_common/hardware_irq/irq.c.o
                0x0000000010000808                irq_add_shared_handler
 .text.irq_remove_handler
                0x00000000100009f0      0x1c4 CMakeFiles/nebulizer_firmware.dir/home/xuan/pico-sdk/src/rp2_common/hardware_irq/irq.c.o
                0x00000000100009f0                irq_remove_handler
 .text.irq_add_tail_to_free_list
                0x0000000010000bb4       0xb4 CMakeFiles/nebulizer_firmware.dir/home/xuan/pico-sdk/src/rp2_common/hardware_irq/irq.c.o
                0x0000000010000bb4                irq_add_tail_to_free_list
 .text.user_irq_claim_unused
                0x0000000010000c68       0x28 CMakeFiles/nebulizer_firmware.dir/home/xuan/pico-sdk/src/rp2_common/hardware_irq/irq.c.o
                0x0000000010000c68                user_irq_claim_unused
 .text.lock_init
                0x0000000010000c90       0x10 CMakeFiles/nebulizer_firmware.dir/home/xuan/pico-sdk/src/common/pico_sync/lock_core.c.o
                0x0000000010000c90                lock_init
 .text.runtime_init_mutex
                0x0000000010000ca0       0x58 CMakeFiles/nebulizer_firmware.dir/home/xuan/pico-sdk/src/common/pico_sync/mutex.c.o
                0x0000000010000ca0                runtime_init_mutex
 .text.mutex_init
                0x0000000010000cf8       0x1c CMakeFiles/nebulizer_firmware.dir/home/xuan/pico-sdk/src/common/pico_sync/mutex.c.o
                0x0000000010000cf8                mutex_init
 .text.critical_section_init
                0x0000000010000d14       0x20 CMakeFiles/nebulizer_firmware.dir/home/xuan/pico-sdk/src/common/pico_sync/critical_section.c.o
                0x0000000010000d14                critical_section_init
 .text.critical_section_init_with_lock_num
                0x0000000010000d34       0x14 CMakeFiles/nebulizer_firmware.dir/home/xuan/pico-sdk/src/common/pico_sync/critical_section.c.o
                0x0000000010000d34                critical_section_init_with_lock_num
 .text.sleep_until_callback
                0x0000000010000d48       0x30 CMakeFiles/nebulizer_firmware.dir/home/xuan/pico-sdk/src/common/pico_time/time.c.o
 .text.alarm_pool_irq_handler
                0x0000000010000d78      0x308 CMakeFiles/nebulizer_firmware.dir/home/xuan/pico-sdk/src/common/pico_time/time.c.o
 .text.runtime_init_default_alarm_pool
                0x0000000010001080       0xdc CMakeFiles/nebulizer_firmware.dir/home/xuan/pico-sdk/src/common/pico_time/time.c.o
                0x0000000010001080                runtime_init_default_alarm_pool
 .text.alarm_pool_get_default
                0x000000001000115c        0x8 CMakeFiles/nebulizer_firmware.dir/home/xuan/pico-sdk/src/common/pico_time/time.c.o
                0x000000001000115c                alarm_pool_get_default
 .text.alarm_pool_add_alarm_at
                0x0000000010001164       0xc8 CMakeFiles/nebulizer_firmware.dir/home/xuan/pico-sdk/src/common/pico_time/time.c.o
                0x0000000010001164                alarm_pool_add_alarm_at
 .text.alarm_pool_add_alarm_at_force_in_context
                0x000000001000122c       0xb0 CMakeFiles/nebulizer_firmware.dir/home/xuan/pico-sdk/src/common/pico_time/time.c.o
                0x000000001000122c                alarm_pool_add_alarm_at_force_in_context
 .text.alarm_pool_cancel_alarm
                0x00000000100012dc       0x7c CMakeFiles/nebulizer_firmware.dir/home/xuan/pico-sdk/src/common/pico_time/time.c.o
                0x00000000100012dc                alarm_pool_cancel_alarm
 .text.alarm_pool_core_num
                0x0000000010001358        0x4 CMakeFiles/nebulizer_firmware.dir/home/xuan/pico-sdk/src/common/pico_time/time.c.o
                0x0000000010001358                alarm_pool_core_num
 .text.sleep_until
                0x000000001000135c       0xd0 CMakeFiles/nebulizer_firmware.dir/home/xuan/pico-sdk/src/common/pico_time/time.c.o
                0x000000001000135c                sleep_until
 .text.sleep_ms
                0x000000001000142c       0x34 CMakeFiles/nebulizer_firmware.dir/home/xuan/pico-sdk/src/common/pico_time/time.c.o
                0x000000001000142c                sleep_ms
 .text.best_effort_wfe_or_timeout
                0x0000000010001460       0xfc CMakeFiles/nebulizer_firmware.dir/home/xuan/pico-sdk/src/common/pico_time/time.c.o
                0x0000000010001460                best_effort_wfe_or_timeout
 .text.timer_hardware_alarm_claim
                0x000000001000155c       0x14 CMakeFiles/nebulizer_firmware.dir/home/xuan/pico-sdk/src/rp2_common/hardware_timer/timer.c.o
                0x000000001000155c                timer_hardware_alarm_claim
 .text.timer_time_us_64
                0x0000000010001570       0x10 CMakeFiles/nebulizer_firmware.dir/home/xuan/pico-sdk/src/rp2_common/hardware_timer/timer.c.o
                0x0000000010001570                timer_time_us_64
 .text.time_us_64
                0x0000000010001580       0x14 CMakeFiles/nebulizer_firmware.dir/home/xuan/pico-sdk/src/rp2_common/hardware_timer/timer.c.o
                0x0000000010001580                time_us_64
 .text.busy_wait_us
                0x0000000010001594       0x54 CMakeFiles/nebulizer_firmware.dir/home/xuan/pico-sdk/src/rp2_common/hardware_timer/timer.c.o
                0x0000000010001594                busy_wait_us
 .text.busy_wait_until
                0x00000000100015e8       0x20 CMakeFiles/nebulizer_firmware.dir/home/xuan/pico-sdk/src/rp2_common/hardware_timer/timer.c.o
                0x00000000100015e8                busy_wait_until
 .text.uart_init
                0x0000000010001608      0x11c CMakeFiles/nebulizer_firmware.dir/home/xuan/pico-sdk/src/rp2_common/hardware_uart/uart.c.o
                0x0000000010001608                uart_init
 .text.clock_configure_int_divider
                0x0000000010001724       0xf4 CMakeFiles/nebulizer_firmware.dir/home/xuan/pico-sdk/src/rp2_common/hardware_clocks/clocks.c.o
                0x0000000010001724                clock_configure_int_divider
 .text.clock_configure_undivided
                0x0000000010001818       0xe8 CMakeFiles/nebulizer_firmware.dir/home/xuan/pico-sdk/src/rp2_common/hardware_clocks/clocks.c.o
                0x0000000010001818                clock_configure_undivided
 .text.clock_get_hz
                0x0000000010001900        0xc CMakeFiles/nebulizer_firmware.dir/home/xuan/pico-sdk/src/rp2_common/hardware_clocks/clocks.c.o
                0x0000000010001900                clock_get_hz
 .text.pll_init
                0x000000001000190c       0xa0 CMakeFiles/nebulizer_firmware.dir/home/xuan/pico-sdk/src/rp2_common/hardware_pll/pll.c.o
                0x000000001000190c                pll_init
 .text.watchdog_reboot
                0x00000000100019ac       0x98 CMakeFiles/nebulizer_firmware.dir/home/xuan/pico-sdk/src/rp2_common/hardware_watchdog/watchdog.c.o
                0x00000000100019ac                watchdog_reboot
 .text.tick_start
                0x0000000010001a44       0x10 CMakeFiles/nebulizer_firmware.dir/home/xuan/pico-sdk/src/rp2_common/hardware_ticks/ticks.c.o
                0x0000000010001a44                tick_start
 .text.rom_func_lookup
                0x0000000010001a54       0x10 CMakeFiles/nebulizer_firmware.dir/home/xuan/pico-sdk/src/rp2_common/pico_bootrom/bootrom.c.o
                0x0000000010001a54                rom_func_lookup
 .text.rom_data_lookup
                0x0000000010001a64       0x10 CMakeFiles/nebulizer_firmware.dir/home/xuan/pico-sdk/src/rp2_common/pico_bootrom/bootrom.c.o
                0x0000000010001a64                rom_data_lookup
 .text.rom_funcs_lookup
                0x0000000010001a74       0x44 CMakeFiles/nebulizer_firmware.dir/home/xuan/pico-sdk/src/rp2_common/pico_bootrom/bootrom.c.o
                0x0000000010001a74                rom_funcs_lookup
 .text.rom_reset_usb_boot_extra
                0x0000000010001ab8       0x28 CMakeFiles/nebulizer_firmware.dir/home/xuan/pico-sdk/src/rp2_common/pico_bootrom/bootrom.c.o
                0x0000000010001ab8                rom_reset_usb_boot_extra
 .text.xosc_init
                0x0000000010001ae0       0x28 CMakeFiles/nebulizer_firmware.dir/home/xuan/pico-sdk/src/rp2_common/hardware_xosc/xosc.c.o
                0x0000000010001ae0                xosc_init
 .text.first_per_core_initializer
                0x0000000010001b08        0x4 CMakeFiles/nebulizer_firmware.dir/home/xuan/pico-sdk/src/rp2_common/pico_runtime/runtime.c.o
 .text.hard_assertion_failure
                0x0000000010001b0c        0xc CMakeFiles/nebulizer_firmware.dir/home/xuan/pico-sdk/src/rp2_common/pico_runtime/runtime.c.o
                0x0000000010001b0c                hard_assertion_failure
 .text.runtime_run_initializers
                0x0000000010001b18       0x28 CMakeFiles/nebulizer_firmware.dir/home/xuan/pico-sdk/src/rp2_common/pico_runtime/runtime.c.o
                0x0000000010001b18                runtime_run_initializers
 .text.runtime_init_early_resets
                0x0000000010001b40       0x2c CMakeFiles/nebulizer_firmware.dir/home/xuan/pico-sdk/src/rp2_common/pico_runtime_init/runtime_init.c.o
                0x0000000010001b40                runtime_init_early_resets
 .text.runtime_init_usb_power_down
                0x0000000010001b6c       0x1c CMakeFiles/nebulizer_firmware.dir/home/xuan/pico-sdk/src/rp2_common/pico_runtime_init/runtime_init.c.o
                0x0000000010001b6c                runtime_init_usb_power_down
 .text.runtime_init_post_clock_resets
                0x0000000010001b88       0x20 CMakeFiles/nebulizer_firmware.dir/home/xuan/pico-sdk/src/rp2_common/pico_runtime_init/runtime_init.c.o
                0x0000000010001b88                runtime_init_post_clock_resets
 .text.runtime_init_rp2040_gpio_ie_disable
                0x0000000010001ba8       0x14 CMakeFiles/nebulizer_firmware.dir/home/xuan/pico-sdk/src/rp2_common/pico_runtime_init/runtime_init.c.o
                0x0000000010001ba8                runtime_init_rp2040_gpio_ie_disable
 .text.runtime_init_spin_locks_reset
                0x0000000010001bbc        0x8 CMakeFiles/nebulizer_firmware.dir/home/xuan/pico-sdk/src/rp2_common/pico_runtime_init/runtime_init.c.o
                0x0000000010001bbc                runtime_init_spin_locks_reset
 .text.runtime_init_install_ram_vector_table
                0x0000000010001bc4       0x1c CMakeFiles/nebulizer_firmware.dir/home/xuan/pico-sdk/src/rp2_common/pico_runtime_init/runtime_init.c.o
                0x0000000010001bc4                runtime_init_install_ram_vector_table
 .text.runtime_init_clocks
                0x0000000010001be0       0xd8 CMakeFiles/nebulizer_firmware.dir/home/xuan/pico-sdk/src/rp2_common/pico_runtime_init/runtime_init_clocks.c.o
                0x0000000010001be0                runtime_init_clocks
 .text          0x0000000010001cb8       0x10 CMakeFiles/nebulizer_firmware.dir/home/xuan/pico-sdk/src/rp2_common/pico_bit_ops/bit_ops_aeabi.S.o
 .text.__wrap___aeabi_idiv
                0x0000000010001cc8       0x50 CMakeFiles/nebulizer_firmware.dir/home/xuan/pico-sdk/src/rp2_common/pico_divider/divider_hardware.S.o
                0x0000000010001cc8                __wrap___aeabi_idivmod
                0x0000000010001cc8                divmod_s32s32
                0x0000000010001cc8                div_s32s32
                0x0000000010001cc8                __wrap___aeabi_idiv
                0x0000000010001cd0                divmod_s32s32_unsafe
                0x0000000010001cfc                divmod_s32s32_savestate
 .text.__wrap___aeabi_uidiv
                0x0000000010001d18       0x4c CMakeFiles/nebulizer_firmware.dir/home/xuan/pico-sdk/src/rp2_common/pico_divider/divider_hardware.S.o
                0x0000000010001d18                __wrap___aeabi_uidiv
                0x0000000010001d18                __wrap___aeabi_uidivmod
                0x0000000010001d18                div_u32u32
                0x0000000010001d18                divmod_u32u32
                0x0000000010001d20                divmod_u32u32_unsafe
                0x0000000010001d48                divmod_u32u32_savestate
 .text.__wrap___aeabi_ldiv
                0x0000000010001d64      0x424 CMakeFiles/nebulizer_firmware.dir/home/xuan/pico-sdk/src/rp2_common/pico_divider/divider_hardware.S.o
                0x0000000010001d64                div_s64s64
                0x0000000010001d64                divmod_s64s64
                0x0000000010001d64                __wrap___aeabi_ldivmod
                0x0000000010001d94                div_u64u64
                0x0000000010001d94                divmod_u64u64
                0x0000000010001d94                __wrap___aeabi_uldivmod
                0x0000000010001da4                divmod_u64u64_savestate
                0x0000000010001dc4                divmod_s64s64_unsafe
                0x0000000010001e4c                divmod_u64u64_unsafe
 .text.__wrap___aeabi_darithmetic
                0x0000000010002188       0x80 CMakeFiles/nebulizer_firmware.dir/home/xuan/pico-sdk/src/rp2_common/pico_double/double_aeabi_rp2040.S.o
                0x0000000010002188                __wrap___aeabi_drsub
                0x000000001000218e                __wrap___aeabi_dsub
                0x00000000100021a0                __wrap___aeabi_dadd
                0x00000000100021b2                __wrap___aeabi_ddiv
                0x00000000100021ee                __wrap___aeabi_dmul
 .text.__wrap___aeabi_cdcmple
                0x0000000010002208       0x6c CMakeFiles/nebulizer_firmware.dir/home/xuan/pico-sdk/src/rp2_common/pico_double/double_aeabi_rp2040.S.o
                0x0000000010002208                __wrap___aeabi_cdrcmple
                0x0000000010002218                __wrap___aeabi_cdcmple
                0x0000000010002218                __wrap___aeabi_cdcmpeq
 .text.__wrap___aeabi_dcmpeq
                0x0000000010002274       0x10 CMakeFiles/nebulizer_firmware.dir/home/xuan/pico-sdk/src/rp2_common/pico_double/double_aeabi_rp2040.S.o
                0x0000000010002274                __wrap___aeabi_dcmpeq
 .text.__wrap___aeabi_dcmplt
                0x0000000010002284        0xc CMakeFiles/nebulizer_firmware.dir/home/xuan/pico-sdk/src/rp2_common/pico_double/double_aeabi_rp2040.S.o
                0x0000000010002284                __wrap___aeabi_dcmplt
 .text.__wrap___aeabi_dcmple
                0x0000000010002290       0x10 CMakeFiles/nebulizer_firmware.dir/home/xuan/pico-sdk/src/rp2_common/pico_double/double_aeabi_rp2040.S.o
                0x0000000010002290                __wrap___aeabi_dcmple
 .text.__wrap___aeabi_dcmpge
                0x00000000100022a0       0x10 CMakeFiles/nebulizer_firmware.dir/home/xuan/pico-sdk/src/rp2_common/pico_double/double_aeabi_rp2040.S.o
                0x00000000100022a0                __wrap___aeabi_dcmpge
 .text.__wrap___aeabi_dcmpgt
                0x00000000100022b0        0xa CMakeFiles/nebulizer_firmware.dir/home/xuan/pico-sdk/src/rp2_common/pico_double/double_aeabi_rp2040.S.o
                0x00000000100022b0                __wrap___aeabi_dcmpgt
 .text.__wrap___aeabi_dcmpun
                0x00000000100022ba       0x18 CMakeFiles/nebulizer_firmware.dir/home/xuan/pico-sdk/src/rp2_common/pico_double/double_aeabi_rp2040.S.o
                0x00000000100022ba                __wrap___aeabi_dcmpun
 *fill*         0x00000000100022d2        0x2 
 .text.__wrap___aeabi_i2d
                0x00000000100022d4       0x38 CMakeFiles/nebulizer_firmware.dir/home/xuan/pico-sdk/src/rp2_common/pico_double/double_aeabi_rp2040.S.o
                0x00000000100022d4                __wrap___aeabi_ui2d
                0x00000000100022d4                uint2double
                0x00000000100022dc                __wrap___aeabi_i2d
                0x00000000100022dc                int2double
 .text.__wrap___aeabi_d2iz
                0x000000001000230c       0x48 CMakeFiles/nebulizer_firmware.dir/home/xuan/pico-sdk/src/rp2_common/pico_double/double_aeabi_rp2040.S.o
                0x000000001000230c                __wrap___aeabi_d2iz
                0x000000001000230c                double2int_z
 .text.__wrap___aeabi_d2uiz
                0x0000000010002354       0x18 CMakeFiles/nebulizer_firmware.dir/home/xuan/pico-sdk/src/rp2_common/pico_double/double_aeabi_rp2040.S.o
                0x0000000010002354                double2uint_z
                0x0000000010002354                double2uint
                0x0000000010002354                __wrap___aeabi_d2uiz
 .text.__wrap___aeabi_l2d
                0x000000001000236c       0x18 CMakeFiles/nebulizer_firmware.dir/home/xuan/pico-sdk/src/rp2_common/pico_double/double_aeabi_rp2040.S.o
                0x000000001000236c                __wrap___aeabi_l2d
                0x000000001000236c                int642double
 .text.__wrap___aeabi_d2lz
                0x0000000010002384       0x26 CMakeFiles/nebulizer_firmware.dir/home/xuan/pico-sdk/src/rp2_common/pico_double/double_aeabi_rp2040.S.o
                0x0000000010002384                __wrap___aeabi_d2lz
                0x0000000010002384                double2int64_z
 *fill*         0x00000000100023aa        0x2 
 .text.double2int64
                0x00000000100023ac       0x18 CMakeFiles/nebulizer_firmware.dir/home/xuan/pico-sdk/src/rp2_common/pico_double/double_aeabi_rp2040.S.o
                0x00000000100023ac                double2int64
 .text.double2ufix64
                0x00000000100023c4       0x18 CMakeFiles/nebulizer_firmware.dir/home/xuan/pico-sdk/src/rp2_common/pico_double/double_aeabi_rp2040.S.o
                0x00000000100023c4                double2ufix64
                0x00000000100023c4                double2ufix64_z
 .text.__wrap___aeabi_d2f
                0x00000000100023dc       0x18 CMakeFiles/nebulizer_firmware.dir/home/xuan/pico-sdk/src/rp2_common/pico_double/double_aeabi_rp2040.S.o
                0x00000000100023dc                __wrap___aeabi_d2f
 .text.__aeabi_double_init
                0x00000000100023f4       0xa0 CMakeFiles/nebulizer_firmware.dir/home/xuan/pico-sdk/src/rp2_common/pico_double/double_init_rom_rp2040.c.o
                0x00000000100023f4                __aeabi_double_init
 .text.double_table_shim_on_use_helper
                0x0000000010002494       0x2c CMakeFiles/nebulizer_firmware.dir/home/xuan/pico-sdk/src/rp2_common/pico_double/double_v1_rom_shim_rp2040.S.o
                0x0000000010002494                double_table_shim_on_use_helper
 .text.__wrap___aeabi_dsub
                0x00000000100024c0       0x10 CMakeFiles/nebulizer_firmware.dir/home/xuan/pico-sdk/src/rp2_common/pico_double/double_v1_rom_shim_rp2040.S.o
                0x00000000100024c0                drsub_shim
                0x00000000100024c6                dsub_shim
 .text.dadd_shim
                0x00000000100024d0      0x15c CMakeFiles/nebulizer_firmware.dir/home/xuan/pico-sdk/src/rp2_common/pico_double/double_v1_rom_shim_rp2040.S.o
                0x00000000100024d0                dadd_shim
 .text.dmul_shim
                0x000000001000262c      0x15c CMakeFiles/nebulizer_firmware.dir/home/xuan/pico-sdk/src/rp2_common/pico_double/double_v1_rom_shim_rp2040.S.o
                0x000000001000262c                dmul_shim
 .text.ddiv_shim
                0x0000000010002788      0x1b0 CMakeFiles/nebulizer_firmware.dir/home/xuan/pico-sdk/src/rp2_common/pico_double/double_v1_rom_shim_rp2040.S.o
                0x0000000010002788                ddiv_shim
 .text.double2uint_shim
                0x0000000010002938        0xe CMakeFiles/nebulizer_firmware.dir/home/xuan/pico-sdk/src/rp2_common/pico_double/double_v1_rom_shim_rp2040.S.o
                0x0000000010002938                double2uint_shim
                0x000000001000293a                double2ufix_shim
 .text.double2int64_shim
                0x0000000010002946       0x1a CMakeFiles/nebulizer_firmware.dir/home/xuan/pico-sdk/src/rp2_common/pico_double/double_v1_rom_shim_rp2040.S.o
                0x0000000010002946                double2int64_shim
                0x0000000010002948                double2fix64_shim
 .text.double2uint64_shim
                0x0000000010002960       0x70 CMakeFiles/nebulizer_firmware.dir/home/xuan/pico-sdk/src/rp2_common/pico_double/double_v1_rom_shim_rp2040.S.o
                0x0000000010002960                double2uint64_shim
                0x0000000010002962                double2ufix64_shim
                0x0000000010002982                d2fix_a
 .text.double2float_shim
                0x00000000100029d0       0x5c CMakeFiles/nebulizer_firmware.dir/home/xuan/pico-sdk/src/rp2_common/pico_double/double_v1_rom_shim_rp2040.S.o
                0x00000000100029d0                double2float_shim
 .text.x2double_shims
                0x0000000010002a2c       0x90 CMakeFiles/nebulizer_firmware.dir/home/xuan/pico-sdk/src/rp2_common/pico_double/double_v1_rom_shim_rp2040.S.o
                0x0000000010002a2c                uint2double_shim
                0x0000000010002a2e                ufix2double_shim
                0x0000000010002a34                int2double_shim
                0x0000000010002a36                fix2double_shim
                0x0000000010002a3c                uint642double_shim
                0x0000000010002a3e                ufix642double_shim
                0x0000000010002a44                int642double_shim
                0x0000000010002a46                fix642double_shim
 .text.dunpacks
                0x0000000010002abc       0x3c CMakeFiles/nebulizer_firmware.dir/home/xuan/pico-sdk/src/rp2_common/pico_double/double_v1_rom_shim_rp2040.S.o
                0x0000000010002abc                dunpacks
 .text.__aeabi_lmul
                0x0000000010002af8       0x32 CMakeFiles/nebulizer_firmware.dir/home/xuan/pico-sdk/src/rp2_common/pico_int64_ops/pico_int64_ops_aeabi.S.o
                0x0000000010002af8                __wrap___aeabi_lmul
 *fill*         0x0000000010002b2a        0x2 
 .text.__wrap___aeabi_cfcmple
                0x0000000010002b2c       0x50 CMakeFiles/nebulizer_firmware.dir/home/xuan/pico-sdk/src/rp2_common/pico_float/float_aeabi_rp2040.S.o
                0x0000000010002b2c                __wrap___aeabi_cfrcmple
                0x0000000010002b38                __wrap___aeabi_cfcmpeq
                0x0000000010002b38                __wrap___aeabi_cfcmple
 .text.__wrap___aeabi_fcmple
                0x0000000010002b7c       0x10 CMakeFiles/nebulizer_firmware.dir/home/xuan/pico-sdk/src/rp2_common/pico_float/float_aeabi_rp2040.S.o
                0x0000000010002b7c                __wrap___aeabi_fcmple
 .text.__wrap___aeabi_fcmpun
                0x0000000010002b8c       0x18 CMakeFiles/nebulizer_firmware.dir/home/xuan/pico-sdk/src/rp2_common/pico_float/float_aeabi_rp2040.S.o
                0x0000000010002b8c                __wrap___aeabi_fcmpun
 .text.__aeabi_float_init
                0x0000000010002ba4       0x64 CMakeFiles/nebulizer_firmware.dir/home/xuan/pico-sdk/src/rp2_common/pico_float/float_init_rom_rp2040.c.o
                0x0000000010002ba4                __aeabi_float_init
 .text.float_table_shim_on_use_helper
                0x0000000010002c08       0x2c CMakeFiles/nebulizer_firmware.dir/home/xuan/pico-sdk/src/rp2_common/pico_float/float_v1_rom_shim_rp2040.S.o
                0x0000000010002c08                float_table_shim_on_use_helper
 .text          0x0000000010002c34       0x10 CMakeFiles/nebulizer_firmware.dir/home/xuan/pico-sdk/src/rp2_common/pico_mem_ops/mem_ops_aeabi.S.o
                0x0000000010002c34                __aeabi_mem_init
 .text.memset   0x0000000010002c44        0xc CMakeFiles/nebulizer_firmware.dir/home/xuan/pico-sdk/src/rp2_common/pico_mem_ops/mem_ops_aeabi.S.o
                0x0000000010002c44                __wrap_memset
 .text.memcpy   0x0000000010002c50        0xc CMakeFiles/nebulizer_firmware.dir/home/xuan/pico-sdk/src/rp2_common/pico_mem_ops/mem_ops_aeabi.S.o
                0x0000000010002c50                __wrap___aeabi_memcpy
                0x0000000010002c50                __wrap_memcpy
 .text._out_buffer
                0x0000000010002c5c        0x8 CMakeFiles/nebulizer_firmware.dir/home/xuan/pico-sdk/src/rp2_common/pico_printf/printf.c.o
 .text._out_null
                0x0000000010002c64        0x4 CMakeFiles/nebulizer_firmware.dir/home/xuan/pico-sdk/src/rp2_common/pico_printf/printf.c.o
 .text._out_rev
                0x0000000010002c68       0x9c CMakeFiles/nebulizer_firmware.dir/home/xuan/pico-sdk/src/rp2_common/pico_printf/printf.c.o
 .text._ntoa_format
                0x0000000010002d04      0x1cc CMakeFiles/nebulizer_firmware.dir/home/xuan/pico-sdk/src/rp2_common/pico_printf/printf.c.o
 .text._out_char
                0x0000000010002ed0       0x10 CMakeFiles/nebulizer_firmware.dir/home/xuan/pico-sdk/src/rp2_common/pico_printf/printf.c.o
 .text._out_fct
                0x0000000010002ee0       0x10 CMakeFiles/nebulizer_firmware.dir/home/xuan/pico-sdk/src/rp2_common/pico_printf/printf.c.o
 .text._etoa    0x0000000010002ef0      0x44c CMakeFiles/nebulizer_firmware.dir/home/xuan/pico-sdk/src/rp2_common/pico_printf/printf.c.o
 .text._ftoa    0x000000001000333c      0x398 CMakeFiles/nebulizer_firmware.dir/home/xuan/pico-sdk/src/rp2_common/pico_printf/printf.c.o
 .text._vsnprintf
                0x00000000100036d4      0xb04 CMakeFiles/nebulizer_firmware.dir/home/xuan/pico-sdk/src/rp2_common/pico_printf/printf.c.o
 .text.__wrap_sprintf
                0x00000000100041d8       0x28 CMakeFiles/nebulizer_firmware.dir/home/xuan/pico-sdk/src/rp2_common/pico_printf/printf.c.o
                0x00000000100041d8                __wrap_sprintf
 .text.vfctprintf
                0x0000000010004200       0x20 CMakeFiles/nebulizer_firmware.dir/home/xuan/pico-sdk/src/rp2_common/pico_printf/printf.c.o
                0x0000000010004200                vfctprintf
 .text.weak_raw_printf
                0x0000000010004220       0x40 CMakeFiles/nebulizer_firmware.dir/home/xuan/pico-sdk/src/rp2_common/pico_printf/printf.c.o
                0x0000000010004220                weak_raw_printf
 .text.weak_raw_vprintf
                0x0000000010004260       0x30 CMakeFiles/nebulizer_firmware.dir/home/xuan/pico-sdk/src/rp2_common/pico_printf/printf.c.o
                0x0000000010004260                weak_raw_vprintf
 .text._exit    0x0000000010004290        0x4 CMakeFiles/nebulizer_firmware.dir/home/xuan/pico-sdk/src/rp2_common/pico_clib_interface/newlib_interface.c.o
                0x0000000010004290                _exit
 .text._sbrk    0x0000000010004294       0x34 CMakeFiles/nebulizer_firmware.dir/home/xuan/pico-sdk/src/rp2_common/pico_clib_interface/newlib_interface.c.o
                0x0000000010004294                _sbrk
 .text._read    0x00000000100042c8       0x24 CMakeFiles/nebulizer_firmware.dir/home/xuan/pico-sdk/src/rp2_common/pico_clib_interface/newlib_interface.c.o
                0x00000000100042c8                _read
 .text._write   0x00000000100042ec       0x24 CMakeFiles/nebulizer_firmware.dir/home/xuan/pico-sdk/src/rp2_common/pico_clib_interface/newlib_interface.c.o
                0x00000000100042ec                _write
 .text._close   0x0000000010004310        0x8 CMakeFiles/nebulizer_firmware.dir/home/xuan/pico-sdk/src/rp2_common/pico_clib_interface/newlib_interface.c.o
                0x0000000010004310                _close
 .text._lseek   0x0000000010004318        0x8 CMakeFiles/nebulizer_firmware.dir/home/xuan/pico-sdk/src/rp2_common/pico_clib_interface/newlib_interface.c.o
                0x0000000010004318                _lseek
 .text.exit     0x0000000010004320        0x8 CMakeFiles/nebulizer_firmware.dir/home/xuan/pico-sdk/src/rp2_common/pico_clib_interface/newlib_interface.c.o
                0x0000000010004320                exit
 .text.__assert_func
                0x0000000010004328       0x34 CMakeFiles/nebulizer_firmware.dir/home/xuan/pico-sdk/src/rp2_common/pico_clib_interface/newlib_interface.c.o
                0x0000000010004328                __assert_func
 .text.runtime_init
                0x000000001000435c       0x2c CMakeFiles/nebulizer_firmware.dir/home/xuan/pico-sdk/src/rp2_common/pico_clib_interface/newlib_interface.c.o
                0x000000001000435c                runtime_init
 .text.stdio_out_chars_no_crlf
                0x0000000010004388       0x10 CMakeFiles/nebulizer_firmware.dir/home/xuan/pico-sdk/src/rp2_common/pico_stdio/stdio.c.o
 .text.stdio_out_chars_crlf
                0x0000000010004398       0xb4 CMakeFiles/nebulizer_firmware.dir/home/xuan/pico-sdk/src/rp2_common/pico_stdio/stdio.c.o
 .text.stdio_buffered_printer
                0x000000001000444c       0x64 CMakeFiles/nebulizer_firmware.dir/home/xuan/pico-sdk/src/rp2_common/pico_stdio/stdio.c.o
 .text.stdio_put_string
                0x00000000100044b0      0x100 CMakeFiles/nebulizer_firmware.dir/home/xuan/pico-sdk/src/rp2_common/pico_stdio/stdio.c.o
                0x00000000100044b0                stdio_put_string
 .text.stdio_get_until
                0x00000000100045b0       0x84 CMakeFiles/nebulizer_firmware.dir/home/xuan/pico-sdk/src/rp2_common/pico_stdio/stdio.c.o
                0x00000000100045b0                stdio_get_until
 .text.stdio_set_driver_enabled
                0x0000000010004634       0x30 CMakeFiles/nebulizer_firmware.dir/home/xuan/pico-sdk/src/rp2_common/pico_stdio/stdio.c.o
                0x0000000010004634                stdio_set_driver_enabled
 .text.stdio_init_all
                0x0000000010004664       0x10 CMakeFiles/nebulizer_firmware.dir/home/xuan/pico-sdk/src/rp2_common/pico_stdio/stdio.c.o
                0x0000000010004664                stdio_init_all
 .text.stdio_getchar_timeout_us
                0x0000000010004674       0x98 CMakeFiles/nebulizer_firmware.dir/home/xuan/pico-sdk/src/rp2_common/pico_stdio/stdio.c.o
                0x0000000010004674                stdio_getchar_timeout_us
 .text.__wrap_putchar
                0x000000001000470c       0x98 CMakeFiles/nebulizer_firmware.dir/home/xuan/pico-sdk/src/rp2_common/pico_stdio/stdio.c.o
                0x000000001000470c                stdio_putchar
                0x000000001000470c                __wrap_putchar
 .text.__wrap_puts
                0x00000000100047a4       0x3c CMakeFiles/nebulizer_firmware.dir/home/xuan/pico-sdk/src/rp2_common/pico_stdio/stdio.c.o
                0x00000000100047a4                __wrap_puts
                0x00000000100047a4                stdio_puts
 .text.__wrap_vprintf
                0x00000000100047e0       0xd8 CMakeFiles/nebulizer_firmware.dir/home/xuan/pico-sdk/src/rp2_common/pico_stdio/stdio.c.o
                0x00000000100047e0                __wrap_vprintf
                0x00000000100047e0                stdio_vprintf
 .text.__wrap_printf
                0x00000000100048b8       0x18 CMakeFiles/nebulizer_firmware.dir/home/xuan/pico-sdk/src/rp2_common/pico_stdio/stdio.c.o
                0x00000000100048b8                stdio_printf
                0x00000000100048b8                __wrap_printf
 .text.stdio_uart_out_chars
                0x00000000100048d0       0x4c CMakeFiles/nebulizer_firmware.dir/home/xuan/pico-sdk/src/rp2_common/pico_stdio_uart/stdio_uart.c.o
 .text.stdio_uart_in_chars
                0x000000001000491c       0x84 CMakeFiles/nebulizer_firmware.dir/home/xuan/pico-sdk/src/rp2_common/pico_stdio_uart/stdio_uart.c.o
                0x000000001000491c                stdio_uart_in_chars
 .text.on_uart_rx
                0x00000000100049a0       0x28 CMakeFiles/nebulizer_firmware.dir/home/xuan/pico-sdk/src/rp2_common/pico_stdio_uart/stdio_uart.c.o
 .text.stdio_uart_out_flush
                0x00000000100049c8       0x14 CMakeFiles/nebulizer_firmware.dir/home/xuan/pico-sdk/src/rp2_common/pico_stdio_uart/stdio_uart.c.o
 .text.stdio_uart_set_chars_available_callback
                0x00000000100049dc       0x88 CMakeFiles/nebulizer_firmware.dir/home/xuan/pico-sdk/src/rp2_common/pico_stdio_uart/stdio_uart.c.o
 .text.stdio_uart_init
                0x0000000010004a64       0x50 CMakeFiles/nebulizer_firmware.dir/home/xuan/pico-sdk/src/rp2_common/pico_stdio_uart/stdio_uart.c.o
                0x0000000010004a64                stdio_uart_init
 .text.resetd_init
                0x0000000010004ab4        0x4 CMakeFiles/nebulizer_firmware.dir/home/xuan/pico-sdk/src/rp2_common/pico_stdio_usb/reset_interface.c.o
 .text.resetd_reset
                0x0000000010004ab8        0xc CMakeFiles/nebulizer_firmware.dir/home/xuan/pico-sdk/src/rp2_common/pico_stdio_usb/reset_interface.c.o
 .text.resetd_open
                0x0000000010004ac4       0x28 CMakeFiles/nebulizer_firmware.dir/home/xuan/pico-sdk/src/rp2_common/pico_stdio_usb/reset_interface.c.o
 .text.resetd_xfer_cb
                0x0000000010004aec        0x4 CMakeFiles/nebulizer_firmware.dir/home/xuan/pico-sdk/src/rp2_common/pico_stdio_usb/reset_interface.c.o
 .text.resetd_control_xfer_cb
                0x0000000010004af0       0x60 CMakeFiles/nebulizer_firmware.dir/home/xuan/pico-sdk/src/rp2_common/pico_stdio_usb/reset_interface.c.o
 .text.tud_descriptor_bos_cb
                0x0000000010004b50        0x8 CMakeFiles/nebulizer_firmware.dir/home/xuan/pico-sdk/src/rp2_common/pico_stdio_usb/reset_interface.c.o
                0x0000000010004b50                tud_descriptor_bos_cb
 .text.tud_vendor_control_xfer_cb
                0x0000000010004b58       0x34 CMakeFiles/nebulizer_firmware.dir/home/xuan/pico-sdk/src/rp2_common/pico_stdio_usb/reset_interface.c.o
                0x0000000010004b58                tud_vendor_control_xfer_cb
 .text.usbd_app_driver_get_cb
                0x0000000010004b8c        0xc CMakeFiles/nebulizer_firmware.dir/home/xuan/pico-sdk/src/rp2_common/pico_stdio_usb/reset_interface.c.o
                0x0000000010004b8c                usbd_app_driver_get_cb
 .text.tud_cdc_line_coding_cb
                0x0000000010004b98       0x2c CMakeFiles/nebulizer_firmware.dir/home/xuan/pico-sdk/src/rp2_common/pico_stdio_usb/reset_interface.c.o
                0x0000000010004b98                tud_cdc_line_coding_cb
 .text.stdio_usb_set_chars_available_callback
                0x0000000010004bc4       0x14 CMakeFiles/nebulizer_firmware.dir/home/xuan/pico-sdk/src/rp2_common/pico_stdio_usb/stdio_usb.c.o
                0x0000000010004bc4                stdio_usb_set_chars_available_callback
 .text.usb_irq  0x0000000010004bd8       0x10 CMakeFiles/nebulizer_firmware.dir/home/xuan/pico-sdk/src/rp2_common/pico_stdio_usb/stdio_usb.c.o
 .text.timer_task
                0x0000000010004be8       0x64 CMakeFiles/nebulizer_firmware.dir/home/xuan/pico-sdk/src/rp2_common/pico_stdio_usb/stdio_usb.c.o
 .text.stdio_usb_in_chars
                0x0000000010004c4c       0x90 CMakeFiles/nebulizer_firmware.dir/home/xuan/pico-sdk/src/rp2_common/pico_stdio_usb/stdio_usb.c.o
                0x0000000010004c4c                stdio_usb_in_chars
 .text.stdio_usb_out_flush
                0x0000000010004cdc       0x50 CMakeFiles/nebulizer_firmware.dir/home/xuan/pico-sdk/src/rp2_common/pico_stdio_usb/stdio_usb.c.o
 .text.stdio_usb_out_chars
                0x0000000010004d2c      0x100 CMakeFiles/nebulizer_firmware.dir/home/xuan/pico-sdk/src/rp2_common/pico_stdio_usb/stdio_usb.c.o
 .text.low_priority_worker_irq
                0x0000000010004e2c       0xc8 CMakeFiles/nebulizer_firmware.dir/home/xuan/pico-sdk/src/rp2_common/pico_stdio_usb/stdio_usb.c.o
 .text.stdio_usb_init
                0x0000000010004ef4       0xe8 CMakeFiles/nebulizer_firmware.dir/home/xuan/pico-sdk/src/rp2_common/pico_stdio_usb/stdio_usb.c.o
                0x0000000010004ef4                stdio_usb_init
 .text.tud_descriptor_device_cb
                0x0000000010004fdc        0x8 CMakeFiles/nebulizer_firmware.dir/home/xuan/pico-sdk/src/rp2_common/pico_stdio_usb/stdio_usb_descriptors.c.o
                0x0000000010004fdc                tud_descriptor_device_cb
 .text.tud_descriptor_configuration_cb
                0x0000000010004fe4        0x8 CMakeFiles/nebulizer_firmware.dir/home/xuan/pico-sdk/src/rp2_common/pico_stdio_usb/stdio_usb_descriptors.c.o
                0x0000000010004fe4                tud_descriptor_configuration_cb
 .text.tud_descriptor_string_cb
                0x0000000010004fec       0x74 CMakeFiles/nebulizer_firmware.dir/home/xuan/pico-sdk/src/rp2_common/pico_stdio_usb/stdio_usb_descriptors.c.o
                0x0000000010004fec                tud_descriptor_string_cb
 .text.startup._retrieve_unique_id_on_boot
                0x0000000010005060       0x10 CMakeFiles/nebulizer_firmware.dir/home/xuan/pico-sdk/src/rp2_common/pico_unique_id/unique_id.c.o
 .text.pico_get_unique_board_id_string
                0x0000000010005070      0x1a8 CMakeFiles/nebulizer_firmware.dir/home/xuan/pico-sdk/src/rp2_common/pico_unique_id/unique_id.c.o
                0x0000000010005070                pico_get_unique_board_id_string
 .text.flash_get_unique_id
                0x0000000010005218       0x40 CMakeFiles/nebulizer_firmware.dir/home/xuan/pico-sdk/src/rp2_common/hardware_flash/flash.c.o
                0x0000000010005218                flash_get_unique_id
 .text.dcd_init
                0x0000000010005258       0x90 CMakeFiles/nebulizer_firmware.dir/home/xuan/pico-sdk/lib/tinyusb/src/portable/raspberrypi/rp2040/dcd_rp2040.c.o
                0x0000000010005258                dcd_init
 .text.dcd_int_enable
                0x00000000100052e8        0xc CMakeFiles/nebulizer_firmware.dir/home/xuan/pico-sdk/lib/tinyusb/src/portable/raspberrypi/rp2040/dcd_rp2040.c.o
                0x00000000100052e8                dcd_int_enable
 .text.dcd_set_address
                0x00000000100052f4       0x14 CMakeFiles/nebulizer_firmware.dir/home/xuan/pico-sdk/lib/tinyusb/src/portable/raspberrypi/rp2040/dcd_rp2040.c.o
                0x00000000100052f4                dcd_set_address
 .text.dcd_sof_enable
                0x0000000010005308       0x1c CMakeFiles/nebulizer_firmware.dir/home/xuan/pico-sdk/lib/tinyusb/src/portable/raspberrypi/rp2040/dcd_rp2040.c.o
                0x0000000010005308                dcd_sof_enable
 .text.dcd_edpt0_status_complete
                0x0000000010005324       0x1c CMakeFiles/nebulizer_firmware.dir/home/xuan/pico-sdk/lib/tinyusb/src/portable/raspberrypi/rp2040/dcd_rp2040.c.o
                0x0000000010005324                dcd_edpt0_status_complete
 .text.dcd_edpt_open
                0x0000000010005340      0x114 CMakeFiles/nebulizer_firmware.dir/home/xuan/pico-sdk/lib/tinyusb/src/portable/raspberrypi/rp2040/dcd_rp2040.c.o
                0x0000000010005340                dcd_edpt_open
 .text.dcd_edpt_close_all
                0x0000000010005454        0x8 CMakeFiles/nebulizer_firmware.dir/home/xuan/pico-sdk/lib/tinyusb/src/portable/raspberrypi/rp2040/dcd_rp2040.c.o
                0x0000000010005454                dcd_edpt_close_all
 .text.dcd_edpt_xfer
                0x000000001000545c       0x24 CMakeFiles/nebulizer_firmware.dir/home/xuan/pico-sdk/lib/tinyusb/src/portable/raspberrypi/rp2040/dcd_rp2040.c.o
                0x000000001000545c                dcd_edpt_xfer
 .text.dcd_edpt_stall
                0x0000000010005480       0x38 CMakeFiles/nebulizer_firmware.dir/home/xuan/pico-sdk/lib/tinyusb/src/portable/raspberrypi/rp2040/dcd_rp2040.c.o
                0x0000000010005480                dcd_edpt_stall
 .text.dcd_edpt_clear_stall
                0x00000000100054b8       0x30 CMakeFiles/nebulizer_firmware.dir/home/xuan/pico-sdk/lib/tinyusb/src/portable/raspberrypi/rp2040/dcd_rp2040.c.o
                0x00000000100054b8                dcd_edpt_clear_stall
 .text.rp2040_usb_init
                0x00000000100054e8       0x40 CMakeFiles/nebulizer_firmware.dir/home/xuan/pico-sdk/lib/tinyusb/src/portable/raspberrypi/rp2040/rp2040_usb.c.o
                0x00000000100054e8                rp2040_usb_init
 .text.hw_endpoint_xfer_start
                0x0000000010005528       0x50 CMakeFiles/nebulizer_firmware.dir/home/xuan/pico-sdk/lib/tinyusb/src/portable/raspberrypi/rp2040/rp2040_usb.c.o
                0x0000000010005528                hw_endpoint_xfer_start
 .text.tud_event_hook_cb
                0x0000000010005578        0x4 CMakeFiles/nebulizer_firmware.dir/home/xuan/pico-sdk/lib/tinyusb/src/device/usbd.c.o
                0x0000000010005578                tud_event_hook_cb
 .text.tud_sof_cb
                0x000000001000557c        0x4 CMakeFiles/nebulizer_firmware.dir/home/xuan/pico-sdk/lib/tinyusb/src/device/usbd.c.o
                0x000000001000557c                tud_sof_cb
 .text.tud_descriptor_device_qualifier_cb
                0x0000000010005580        0x4 CMakeFiles/nebulizer_firmware.dir/home/xuan/pico-sdk/lib/tinyusb/src/device/usbd.c.o
                0x0000000010005580                tud_descriptor_device_qualifier_cb
 .text.tud_descriptor_other_speed_configuration_cb
                0x0000000010005584        0x4 CMakeFiles/nebulizer_firmware.dir/home/xuan/pico-sdk/lib/tinyusb/src/device/usbd.c.o
                0x0000000010005584                tud_descriptor_other_speed_configuration_cb
 .text.tud_mount_cb
                0x0000000010005588        0x4 CMakeFiles/nebulizer_firmware.dir/home/xuan/pico-sdk/lib/tinyusb/src/device/usbd.c.o
                0x0000000010005588                tud_mount_cb
 .text.tud_umount_cb
                0x000000001000558c        0x4 CMakeFiles/nebulizer_firmware.dir/home/xuan/pico-sdk/lib/tinyusb/src/device/usbd.c.o
                0x000000001000558c                tud_umount_cb
 .text.tud_suspend_cb
                0x0000000010005590        0x4 CMakeFiles/nebulizer_firmware.dir/home/xuan/pico-sdk/lib/tinyusb/src/device/usbd.c.o
                0x0000000010005590                tud_suspend_cb
 .text.tud_resume_cb
                0x0000000010005594        0x4 CMakeFiles/nebulizer_firmware.dir/home/xuan/pico-sdk/lib/tinyusb/src/device/usbd.c.o
                0x0000000010005594                tud_resume_cb
 .text.tud_mounted
                0x0000000010005598       0x10 CMakeFiles/nebulizer_firmware.dir/home/xuan/pico-sdk/lib/tinyusb/src/device/usbd.c.o
                0x0000000010005598                tud_mounted
 .text.tud_suspended
                0x00000000100055a8       0x10 CMakeFiles/nebulizer_firmware.dir/home/xuan/pico-sdk/lib/tinyusb/src/device/usbd.c.o
                0x00000000100055a8                tud_suspended
 .text.tud_rhport_init
                0x00000000100055b8       0xf4 CMakeFiles/nebulizer_firmware.dir/home/xuan/pico-sdk/lib/tinyusb/src/device/usbd.c.o
                0x00000000100055b8                tud_rhport_init
 .text.tud_task_ext
                0x00000000100056ac      0x800 CMakeFiles/nebulizer_firmware.dir/home/xuan/pico-sdk/lib/tinyusb/src/device/usbd.c.o
                0x00000000100056ac                tud_task_ext
 .text.usbd_open_edpt_pair
                0x0000000010005eac       0x9c CMakeFiles/nebulizer_firmware.dir/home/xuan/pico-sdk/lib/tinyusb/src/device/usbd.c.o
                0x0000000010005eac                usbd_open_edpt_pair
 .text.usbd_edpt_open
                0x0000000010005f48       0x34 CMakeFiles/nebulizer_firmware.dir/home/xuan/pico-sdk/lib/tinyusb/src/device/usbd.c.o
                0x0000000010005f48                usbd_edpt_open
 .text.usbd_edpt_claim
                0x0000000010005f7c       0x28 CMakeFiles/nebulizer_firmware.dir/home/xuan/pico-sdk/lib/tinyusb/src/device/usbd.c.o
                0x0000000010005f7c                usbd_edpt_claim
 .text.usbd_edpt_release
                0x0000000010005fa4       0x28 CMakeFiles/nebulizer_firmware.dir/home/xuan/pico-sdk/lib/tinyusb/src/device/usbd.c.o
                0x0000000010005fa4                usbd_edpt_release
 .text.usbd_edpt_xfer
                0x0000000010005fcc       0x4c CMakeFiles/nebulizer_firmware.dir/home/xuan/pico-sdk/lib/tinyusb/src/device/usbd.c.o
                0x0000000010005fcc                usbd_edpt_xfer
 .text.tud_control_status
                0x0000000010006018       0x30 CMakeFiles/nebulizer_firmware.dir/home/xuan/pico-sdk/lib/tinyusb/src/device/usbd_control.c.o
                0x0000000010006018                tud_control_status
 .text.tud_control_xfer
                0x0000000010006048       0xbc CMakeFiles/nebulizer_firmware.dir/home/xuan/pico-sdk/lib/tinyusb/src/device/usbd_control.c.o
                0x0000000010006048                tud_control_xfer
 .text.usbd_control_reset
                0x0000000010006104       0x14 CMakeFiles/nebulizer_firmware.dir/home/xuan/pico-sdk/lib/tinyusb/src/device/usbd_control.c.o
                0x0000000010006104                usbd_control_reset
 .text.usbd_control_set_complete_callback
                0x0000000010006118        0xc CMakeFiles/nebulizer_firmware.dir/home/xuan/pico-sdk/lib/tinyusb/src/device/usbd_control.c.o
                0x0000000010006118                usbd_control_set_complete_callback
 .text.usbd_control_set_request
                0x0000000010006124       0x1c CMakeFiles/nebulizer_firmware.dir/home/xuan/pico-sdk/lib/tinyusb/src/device/usbd_control.c.o
                0x0000000010006124                usbd_control_set_request
 .text.usbd_control_xfer_cb
                0x0000000010006140       0xf0 CMakeFiles/nebulizer_firmware.dir/home/xuan/pico-sdk/lib/tinyusb/src/device/usbd_control.c.o
                0x0000000010006140                usbd_control_xfer_cb
 .text._prep_out_transaction.isra.0
                0x0000000010006230       0x6c CMakeFiles/nebulizer_firmware.dir/home/xuan/pico-sdk/lib/tinyusb/src/class/cdc/cdc_device.c.o
 .text.tud_cdc_n_connected
                0x000000001000629c       0x2c CMakeFiles/nebulizer_firmware.dir/home/xuan/pico-sdk/lib/tinyusb/src/class/cdc/cdc_device.c.o
                0x000000001000629c                tud_cdc_n_connected
 .text.tud_cdc_n_available
                0x00000000100062c8       0x18 CMakeFiles/nebulizer_firmware.dir/home/xuan/pico-sdk/lib/tinyusb/src/class/cdc/cdc_device.c.o
                0x00000000100062c8                tud_cdc_n_available
 .text.tud_cdc_n_read
                0x00000000100062e0       0x94 CMakeFiles/nebulizer_firmware.dir/home/xuan/pico-sdk/lib/tinyusb/src/class/cdc/cdc_device.c.o
                0x00000000100062e0                tud_cdc_n_read
 .text.tud_cdc_n_write_flush
                0x0000000010006374       0x78 CMakeFiles/nebulizer_firmware.dir/home/xuan/pico-sdk/lib/tinyusb/src/class/cdc/cdc_device.c.o
                0x0000000010006374                tud_cdc_n_write_flush
 .text.tud_cdc_n_write
                0x00000000100063ec       0x44 CMakeFiles/nebulizer_firmware.dir/home/xuan/pico-sdk/lib/tinyusb/src/class/cdc/cdc_device.c.o
                0x00000000100063ec                tud_cdc_n_write
 .text.tud_cdc_n_write_available
                0x0000000010006430       0x18 CMakeFiles/nebulizer_firmware.dir/home/xuan/pico-sdk/lib/tinyusb/src/class/cdc/cdc_device.c.o
                0x0000000010006430                tud_cdc_n_write_available
 .text.cdcd_init
                0x0000000010006448       0x70 CMakeFiles/nebulizer_firmware.dir/home/xuan/pico-sdk/lib/tinyusb/src/class/cdc/cdc_device.c.o
                0x0000000010006448                cdcd_init
 .text.cdcd_deinit
                0x00000000100064b8       0x24 CMakeFiles/nebulizer_firmware.dir/home/xuan/pico-sdk/lib/tinyusb/src/class/cdc/cdc_device.c.o
                0x00000000100064b8                cdcd_deinit
 .text.cdcd_reset
                0x00000000100064dc       0x4c CMakeFiles/nebulizer_firmware.dir/home/xuan/pico-sdk/lib/tinyusb/src/class/cdc/cdc_device.c.o
                0x00000000100064dc                cdcd_reset
 .text.cdcd_open
                0x0000000010006528       0xa8 CMakeFiles/nebulizer_firmware.dir/home/xuan/pico-sdk/lib/tinyusb/src/class/cdc/cdc_device.c.o
                0x0000000010006528                cdcd_open
 .text.cdcd_control_xfer_cb
                0x00000000100065d0       0xe8 CMakeFiles/nebulizer_firmware.dir/home/xuan/pico-sdk/lib/tinyusb/src/class/cdc/cdc_device.c.o
                0x00000000100065d0                cdcd_control_xfer_cb
 .text.cdcd_xfer_cb
                0x00000000100066b8       0xfc CMakeFiles/nebulizer_firmware.dir/home/xuan/pico-sdk/lib/tinyusb/src/class/cdc/cdc_device.c.o
                0x00000000100066b8                cdcd_xfer_cb
 .text.vendord_init
                0x00000000100067b4       0x5c CMakeFiles/nebulizer_firmware.dir/home/xuan/pico-sdk/lib/tinyusb/src/class/vendor/vendor_device.c.o
                0x00000000100067b4                vendord_init
 .text.vendord_deinit
                0x0000000010006810       0x1c CMakeFiles/nebulizer_firmware.dir/home/xuan/pico-sdk/lib/tinyusb/src/class/vendor/vendor_device.c.o
                0x0000000010006810                vendord_deinit
 .text.vendord_reset
                0x000000001000682c       0x28 CMakeFiles/nebulizer_firmware.dir/home/xuan/pico-sdk/lib/tinyusb/src/class/vendor/vendor_device.c.o
                0x000000001000682c                vendord_reset
 .text.vendord_open
                0x0000000010006854      0x128 CMakeFiles/nebulizer_firmware.dir/home/xuan/pico-sdk/lib/tinyusb/src/class/vendor/vendor_device.c.o
                0x0000000010006854                vendord_open
 .text.vendord_xfer_cb
                0x000000001000697c       0x9c CMakeFiles/nebulizer_firmware.dir/home/xuan/pico-sdk/lib/tinyusb/src/class/vendor/vendor_device.c.o
                0x000000001000697c                vendord_xfer_cb
 .text.tusb_rhport_init
                0x0000000010006a18       0x48 CMakeFiles/nebulizer_firmware.dir/home/xuan/pico-sdk/lib/tinyusb/src/tusb.c.o
                0x0000000010006a18                tusb_rhport_init
 .text.tu_edpt_claim
                0x0000000010006a60       0x50 CMakeFiles/nebulizer_firmware.dir/home/xuan/pico-sdk/lib/tinyusb/src/tusb.c.o
                0x0000000010006a60                tu_edpt_claim
 .text.tu_edpt_release
                0x0000000010006ab0       0x38 CMakeFiles/nebulizer_firmware.dir/home/xuan/pico-sdk/lib/tinyusb/src/tusb.c.o
                0x0000000010006ab0                tu_edpt_release
 .text.tu_edpt_validate
                0x0000000010006ae8       0x78 CMakeFiles/nebulizer_firmware.dir/home/xuan/pico-sdk/lib/tinyusb/src/tusb.c.o
                0x0000000010006ae8                tu_edpt_validate
 .text.tu_edpt_bind_driver
                0x0000000010006b60       0x34 CMakeFiles/nebulizer_firmware.dir/home/xuan/pico-sdk/lib/tinyusb/src/tusb.c.o
                0x0000000010006b60                tu_edpt_bind_driver
 .text.tu_edpt_stream_init
                0x0000000010006b94       0x6c CMakeFiles/nebulizer_firmware.dir/home/xuan/pico-sdk/lib/tinyusb/src/tusb.c.o
                0x0000000010006b94                tu_edpt_stream_init
 .text.tu_edpt_stream_deinit
                0x0000000010006c00        0x4 CMakeFiles/nebulizer_firmware.dir/home/xuan/pico-sdk/lib/tinyusb/src/tusb.c.o
                0x0000000010006c00                tu_edpt_stream_deinit
 .text.tu_edpt_stream_write_zlp_if_needed
                0x0000000010006c04       0x58 CMakeFiles/nebulizer_firmware.dir/home/xuan/pico-sdk/lib/tinyusb/src/tusb.c.o
                0x0000000010006c04                tu_edpt_stream_write_zlp_if_needed
 .text.tu_edpt_stream_write_xfer
                0x0000000010006c5c       0x64 CMakeFiles/nebulizer_firmware.dir/home/xuan/pico-sdk/lib/tinyusb/src/tusb.c.o
                0x0000000010006c5c                tu_edpt_stream_write_xfer
 .text.tu_edpt_stream_read_xfer
                0x0000000010006cc0       0xdc CMakeFiles/nebulizer_firmware.dir/home/xuan/pico-sdk/lib/tinyusb/src/tusb.c.o
                0x0000000010006cc0                tu_edpt_stream_read_xfer
 .text.tu_fifo_config
                0x0000000010006d9c       0x70 CMakeFiles/nebulizer_firmware.dir/home/xuan/pico-sdk/lib/tinyusb/src/common/tusb_fifo.c.o
                0x0000000010006d9c                tu_fifo_config
 .text.tu_fifo_count
                0x0000000010006e0c       0x2c CMakeFiles/nebulizer_firmware.dir/home/xuan/pico-sdk/lib/tinyusb/src/common/tusb_fifo.c.o
                0x0000000010006e0c                tu_fifo_count
 .text.tu_fifo_empty
                0x0000000010006e38       0x10 CMakeFiles/nebulizer_firmware.dir/home/xuan/pico-sdk/lib/tinyusb/src/common/tusb_fifo.c.o
                0x0000000010006e38                tu_fifo_empty
 .text.tu_fifo_remaining
                0x0000000010006e48       0x2c CMakeFiles/nebulizer_firmware.dir/home/xuan/pico-sdk/lib/tinyusb/src/common/tusb_fifo.c.o
                0x0000000010006e48                tu_fifo_remaining
 .text.tu_fifo_read
                0x0000000010006e74       0xa0 CMakeFiles/nebulizer_firmware.dir/home/xuan/pico-sdk/lib/tinyusb/src/common/tusb_fifo.c.o
                0x0000000010006e74                tu_fifo_read
 .text.tu_fifo_read_n
                0x0000000010006f14       0xec CMakeFiles/nebulizer_firmware.dir/home/xuan/pico-sdk/lib/tinyusb/src/common/tusb_fifo.c.o
                0x0000000010006f14                tu_fifo_read_n
 .text.tu_fifo_write
                0x0000000010007000       0x88 CMakeFiles/nebulizer_firmware.dir/home/xuan/pico-sdk/lib/tinyusb/src/common/tusb_fifo.c.o
                0x0000000010007000                tu_fifo_write
 .text.tu_fifo_write_n
                0x0000000010007088      0x168 CMakeFiles/nebulizer_firmware.dir/home/xuan/pico-sdk/lib/tinyusb/src/common/tusb_fifo.c.o
                0x0000000010007088                tu_fifo_write_n
 .text.tu_fifo_clear
                0x00000000100071f0       0x40 CMakeFiles/nebulizer_firmware.dir/home/xuan/pico-sdk/lib/tinyusb/src/common/tusb_fifo.c.o
                0x00000000100071f0                tu_fifo_clear
 .text.tu_fifo_set_overwritable
                0x0000000010007230       0x48 CMakeFiles/nebulizer_firmware.dir/home/xuan/pico-sdk/lib/tinyusb/src/common/tusb_fifo.c.o
                0x0000000010007230                tu_fifo_set_overwritable
 .text          0x0000000010007278       0x5c /usr/lib/gcc/arm-none-eabi/10.3.1/../../../arm-none-eabi/lib/thumb/v6-m/nofp/libg.a(lib_a-callocr.o)
                0x0000000010007278                _calloc_r
 .text          0x00000000100072d4      0x574 /usr/lib/gcc/arm-none-eabi/10.3.1/../../../arm-none-eabi/lib/thumb/v6-m/nofp/libg.a(lib_a-mallocr.o)
                0x00000000100072d4                _malloc_r
 .text          0x0000000010007848        0x8 /usr/lib/gcc/arm-none-eabi/10.3.1/../../../arm-none-eabi/lib/thumb/v6-m/nofp/libg.a(lib_a-mlock.o)
                0x0000000010007848                __malloc_lock
                0x000000001000784c                __malloc_unlock
 .text          0x0000000010007850      0x354 /usr/lib/gcc/arm-none-eabi/10.3.1/../../../arm-none-eabi/lib/thumb/v6-m/nofp/libg.a(lib_a-reallocr.o)
                0x0000000010007850                _realloc_r
 .text          0x0000000010007ba4       0x24 /usr/lib/gcc/arm-none-eabi/10.3.1/../../../arm-none-eabi/lib/thumb/v6-m/nofp/libg.a(lib_a-sbrkr.o)
                0x0000000010007ba4                _sbrk_r
 .text          0x0000000010007bc8       0xa0 /usr/lib/gcc/arm-none-eabi/10.3.1/../../../arm-none-eabi/lib/thumb/v6-m/nofp/libg.a(lib_a-sscanf.o)
                0x0000000010007bc8                sscanf
                0x0000000010007c18                _sscanf_r
 .text          0x0000000010007c68       0xa4 /usr/lib/gcc/arm-none-eabi/10.3.1/../../../arm-none-eabi/lib/thumb/v6-m/nofp/libg.a(lib_a-stdio.o)
                0x0000000010007c68                __sread
                0x0000000010007c90                __seofread
                0x0000000010007c94                __swrite
                0x0000000010007cd4                __sseek
                0x0000000010007d00                __sclose
 .text          0x0000000010007d0c       0x5c /usr/lib/gcc/arm-none-eabi/10.3.1/../../../arm-none-eabi/lib/thumb/v6-m/nofp/libg.a(lib_a-strlen-stub.o)
                0x0000000010007d0c                strlen
 .text          0x0000000010007d68      0xf70 /usr/lib/gcc/arm-none-eabi/10.3.1/../../../arm-none-eabi/lib/thumb/v6-m/nofp/libg.a(lib_a-svfscanf.o)
                0x0000000010007d68                __ssvfscanf_r
 .text          0x0000000010008cd8       0x28 /usr/lib/gcc/arm-none-eabi/10.3.1/../../../arm-none-eabi/lib/thumb/v6-m/nofp/libg.a(lib_a-writer.o)
                0x0000000010008cd8                _write_r
 .text          0x0000000010008d00       0x24 /usr/lib/gcc/arm-none-eabi/10.3.1/../../../arm-none-eabi/lib/thumb/v6-m/nofp/libg.a(lib_a-closer.o)
                0x0000000010008d00                _close_r
 .text          0x0000000010008d24      0x260 /usr/lib/gcc/arm-none-eabi/10.3.1/../../../arm-none-eabi/lib/thumb/v6-m/nofp/libg.a(lib_a-freer.o)
                0x0000000010008d24                _malloc_trim_r
                0x0000000010008dc0                _free_r
 .text          0x0000000010008f84        0xc /usr/lib/gcc/arm-none-eabi/10.3.1/../../../arm-none-eabi/lib/thumb/v6-m/nofp/libg.a(lib_a-iswspace.o)
                0x0000000010008f84                iswspace
 .text          0x0000000010008f90       0x18 /usr/lib/gcc/arm-none-eabi/10.3.1/../../../arm-none-eabi/lib/thumb/v6-m/nofp/libg.a(lib_a-iswspace_l.o)
                0x0000000010008f90                iswspace_l
 .text          0x0000000010008fa8       0x98 /usr/lib/gcc/arm-none-eabi/10.3.1/../../../arm-none-eabi/lib/thumb/v6-m/nofp/libg.a(lib_a-locale.o)
                0x0000000010008fa8                _setlocale_r
                0x0000000010008fec                __locale_mb_cur_max
                0x0000000010008ffc                setlocale
 .text          0x0000000010009040       0x14 /usr/lib/gcc/arm-none-eabi/10.3.1/../../../arm-none-eabi/lib/thumb/v6-m/nofp/libg.a(lib_a-localeconv.o)
                0x0000000010009040                __localeconv_l
                0x0000000010009044                _localeconv_r
                0x000000001000904c                localeconv
 .text          0x0000000010009054       0x28 /usr/lib/gcc/arm-none-eabi/10.3.1/../../../arm-none-eabi/lib/thumb/v6-m/nofp/libg.a(lib_a-lseekr.o)
                0x0000000010009054                _lseek_r
 .text          0x000000001000907c       0x9c /usr/lib/gcc/arm-none-eabi/10.3.1/../../../arm-none-eabi/lib/thumb/v6-m/nofp/libg.a(lib_a-mbrtowc.o)
                0x000000001000907c                _mbrtowc_r
                0x00000000100090c8                mbrtowc
 .text          0x0000000010009118       0x44 /usr/lib/gcc/arm-none-eabi/10.3.1/../../../arm-none-eabi/lib/thumb/v6-m/nofp/libg.a(lib_a-mbtowc_r.o)
                0x0000000010009118                _mbtowc_r
                0x0000000010009130                __ascii_mbtowc
 .text          0x000000001000915c       0xac /usr/lib/gcc/arm-none-eabi/10.3.1/../../../arm-none-eabi/lib/thumb/v6-m/nofp/libg.a(lib_a-memmove.o)
                0x000000001000915c                memmove
 .text          0x0000000010009208       0x28 /usr/lib/gcc/arm-none-eabi/10.3.1/../../../arm-none-eabi/lib/thumb/v6-m/nofp/libg.a(lib_a-readr.o)
                0x0000000010009208                _read_r
 .text          0x0000000010009230       0x80 /usr/lib/gcc/arm-none-eabi/10.3.1/../../../arm-none-eabi/lib/thumb/v6-m/nofp/libg.a(lib_a-sccl.o)
                0x0000000010009230                __sccl
 .text          0x00000000100092b0        0x8 /usr/lib/gcc/arm-none-eabi/10.3.1/../../../arm-none-eabi/lib/thumb/v6-m/nofp/libg.a(lib_a-sf_nan.o)
                0x00000000100092b0                nanf
 .text          0x00000000100092b8       0x88 /usr/lib/gcc/arm-none-eabi/10.3.1/../../../arm-none-eabi/lib/thumb/v6-m/nofp/libg.a(lib_a-strcmp.o)
                0x00000000100092b8                strcmp
 .text          0x0000000010009340       0x74 /usr/lib/gcc/arm-none-eabi/10.3.1/../../../arm-none-eabi/lib/thumb/v6-m/nofp/libg.a(lib_a-strncmp.o)
                0x0000000010009340                strncmp
 .text          0x00000000100093b4     0x1128 /usr/lib/gcc/arm-none-eabi/10.3.1/../../../arm-none-eabi/lib/thumb/v6-m/nofp/libg.a(lib_a-strtod.o)
                0x00000000100093b4                _strtod_l
                0x000000001000a334                _strtod_r
                0x000000001000a344                strtod_l
                0x000000001000a35c                strtod
                0x000000001000a378                strtof_l
                0x000000001000a428                strtof
 .text          0x000000001000a4dc      0x1b8 /usr/lib/gcc/arm-none-eabi/10.3.1/../../../arm-none-eabi/lib/thumb/v6-m/nofp/libg.a(lib_a-strtol.o)
                0x000000001000a620                _strtol_r
                0x000000001000a63c                strtol_l
                0x000000001000a668                strtol
 .text          0x000000001000a694      0x1d0 /usr/lib/gcc/arm-none-eabi/10.3.1/../../../arm-none-eabi/lib/thumb/v6-m/nofp/libg.a(lib_a-strtoll.o)
                0x000000001000a82c                _strtoll_r
                0x000000001000a834                strtoll_l
                0x000000001000a84c                strtoll
 .text          0x000000001000a864      0x180 /usr/lib/gcc/arm-none-eabi/10.3.1/../../../arm-none-eabi/lib/thumb/v6-m/nofp/libg.a(lib_a-strtoul.o)
                0x000000001000a9ac                _strtoul_r
                0x000000001000a9b4                strtoul_l
                0x000000001000a9cc                strtoul
 .text          0x000000001000a9e4      0x1f4 /usr/lib/gcc/arm-none-eabi/10.3.1/../../../arm-none-eabi/lib/thumb/v6-m/nofp/libg.a(lib_a-strtoull.o)
                0x000000001000aba0                _strtoull_r
                0x000000001000aba8                strtoull_l
                0x000000001000abc0                strtoull
 .text          0x000000001000abd8      0xf10 /usr/lib/gcc/arm-none-eabi/10.3.1/../../../arm-none-eabi/lib/thumb/v6-m/nofp/libg.a(lib_a-svfiscanf.o)
                0x000000001000abd8                _sungetc_r
                0x000000001000ac5c                __ssrefill_r
                0x000000001000ac9c                _sfread_r
                0x000000001000ad60                __ssvfiscanf_r
 .text          0x000000001000bae8      0x188 /usr/lib/gcc/arm-none-eabi/10.3.1/../../../arm-none-eabi/lib/thumb/v6-m/nofp/libg.a(lib_a-ungetc.o)
                0x000000001000bae8                __submore
                0x000000001000bb6c                _ungetc_r
                0x000000001000bc58                ungetc
 .text          0x000000001000bc70       0x2c /usr/lib/gcc/arm-none-eabi/10.3.1/../../../arm-none-eabi/lib/thumb/v6-m/nofp/libg.a(lib_a-wctomb_r.o)
                0x000000001000bc70                _wctomb_r
                0x000000001000bc80                __ascii_wctomb
 .text          0x000000001000bc9c        0xc /usr/lib/gcc/arm-none-eabi/10.3.1/../../../arm-none-eabi/lib/thumb/v6-m/nofp/libg.a(lib_a-errno.o)
                0x000000001000bc9c                __errno
 .text          0x000000001000bca8      0x1c0 /usr/lib/gcc/arm-none-eabi/10.3.1/../../../arm-none-eabi/lib/thumb/v6-m/nofp/libg.a(lib_a-fflush.o)
                0x000000001000bca8                __sflush_r
                0x000000001000bde8                _fflush_r
                0x000000001000be14                fflush
 .text          0x000000001000be68      0x248 /usr/lib/gcc/arm-none-eabi/10.3.1/../../../arm-none-eabi/lib/thumb/v6-m/nofp/libg.a(lib_a-findfp.o)
                0x000000001000be6c                _cleanup_r
                0x000000001000bf68                __sfmoreglue
                0x000000001000bf98                __sfp
                0x000000001000c048                _cleanup
                0x000000001000c060                __sinit
                0x000000001000c070                __sfp_lock_acquire
                0x000000001000c074                __sfp_lock_release
                0x000000001000c078                __sinit_lock_acquire
                0x000000001000c07c                __sinit_lock_release
                0x000000001000c080                __fp_lock_all
                0x000000001000c098                __fp_unlock_all
 .text          0x000000001000c0b0       0x88 /usr/lib/gcc/arm-none-eabi/10.3.1/../../../arm-none-eabi/lib/thumb/v6-m/nofp/libg.a(lib_a-fwalk.o)
                0x000000001000c0b0                _fwalk
                0x000000001000c0f0                _fwalk_reent
 .text          0x000000001000c138      0x670 /usr/lib/gcc/arm-none-eabi/10.3.1/../../../arm-none-eabi/lib/thumb/v6-m/nofp/libg.a(lib_a-gdtoa-gethex.o)
                0x000000001000c1dc                __gethex
 .text          0x000000001000c7a8      0x1fc /usr/lib/gcc/arm-none-eabi/10.3.1/../../../arm-none-eabi/lib/thumb/v6-m/nofp/libg.a(lib_a-gdtoa-hexnan.o)
                0x000000001000c7a8                __match
                0x000000001000c7d4                __hexnan
 .text          0x000000001000c9a4      0xafc /usr/lib/gcc/arm-none-eabi/10.3.1/../../../arm-none-eabi/lib/thumb/v6-m/nofp/libg.a(lib_a-mprec.o)
                0x000000001000c9a4                _Balloc
                0x000000001000c9f4                _Bfree
                0x000000001000ca08                __multadd
                0x000000001000cab0                __s2b
                0x000000001000cb60                __hi0bits
                0x000000001000cb98                __lo0bits
                0x000000001000cbf4                __i2b
                0x000000001000cc54                __multiply
                0x000000001000cdf8                __pow5mult
                0x000000001000ced0                __lshift
                0x000000001000cfcc                __mcmp
                0x000000001000d000                __mdiff
                0x000000001000d18c                __ulp
                0x000000001000d1d4                __b2d
                0x000000001000d29c                __d2b
                0x000000001000d374                __ratio
                0x000000001000d3dc                _mprec_log10
                0x000000001000d410                __copybits
                0x000000001000d450                __any_on
 .text          0x000000001000d4a0        0xc /usr/lib/gcc/arm-none-eabi/10.3.1/../../../arm-none-eabi/lib/thumb/v6-m/nofp/libg.a(lib_a-s_nan.o)
                0x000000001000d4a0                nan
 .text          0x000000001000d4ac       0xe8 /usr/lib/gcc/arm-none-eabi/10.3.1/../../../arm-none-eabi/lib/thumb/v6-m/nofp/libg.a(lib_a-fclose.o)
                0x000000001000d51c                _fclose_r
                0x000000001000d554                fclose
 *(.fini)
 .fini          0x000000001000d594        0x4 /usr/lib/gcc/arm-none-eabi/10.3.1/thumb/v6-m/nofp/crti.o
                0x000000001000d594                _fini
 .fini.__stub   0x000000001000d598       0xd0 linker stubs
 *crtbegin.o(.ctors)
 *crtbegin?.o(.ctors)
 *(EXCLUDE_FILE(*crtend.o *crtend?.o) .ctors)
 *(SORT_BY_NAME(.ctors.*))
 *(.ctors)
 *crtbegin.o(.dtors)
 *crtbegin?.o(.dtors)
 *(EXCLUDE_FILE(*crtend.o *crtend?.o) .dtors)
 *(SORT_BY_NAME(.dtors.*))
 *(.dtors)
                0x000000001000d668                . = ALIGN (0x4)
                0x000000001000d668                PROVIDE (__preinit_array_start = .)
 *(SORT_BY_NAME(.preinit_array.*))
 .preinit_array.00100
                0x000000001000d668        0x4 CMakeFiles/nebulizer_firmware.dir/home/xuan/pico-sdk/src/rp2_common/pico_runtime_init/runtime_init.c.o
                0x000000001000d668                __pre_init_runtime_init_early_resets
 .preinit_array.00101
                0x000000001000d66c        0x4 CMakeFiles/nebulizer_firmware.dir/home/xuan/pico-sdk/src/rp2_common/pico_runtime_init/runtime_init.c.o
                0x000000001000d66c                __pre_init_runtime_init_usb_power_down
 .preinit_array.00275
                0x000000001000d670        0x4 CMakeFiles/nebulizer_firmware.dir/home/xuan/pico-sdk/src/rp2_common/pico_bit_ops/bit_ops_aeabi.S.o
 .preinit_array.00300
                0x000000001000d674        0x4 CMakeFiles/nebulizer_firmware.dir/home/xuan/pico-sdk/src/rp2_common/pico_mem_ops/mem_ops_aeabi.S.o
 .preinit_array.00350
                0x000000001000d678        0x4 CMakeFiles/nebulizer_firmware.dir/home/xuan/pico-sdk/src/rp2_common/pico_double/double_aeabi_rp2040.S.o
 .preinit_array.00350
                0x000000001000d67c        0x4 CMakeFiles/nebulizer_firmware.dir/home/xuan/pico-sdk/src/rp2_common/pico_float/float_aeabi_rp2040.S.o
 .preinit_array.00500
                0x000000001000d680        0x4 CMakeFiles/nebulizer_firmware.dir/home/xuan/pico-sdk/src/rp2_common/pico_runtime_init/runtime_init.c.o
                0x000000001000d680                __pre_init_runtime_init_clocks
 .preinit_array.00600
                0x000000001000d684        0x4 CMakeFiles/nebulizer_firmware.dir/home/xuan/pico-sdk/src/rp2_common/pico_runtime_init/runtime_init.c.o
                0x000000001000d684                __pre_init_runtime_init_post_clock_resets
 .preinit_array.00700
                0x000000001000d688        0x4 CMakeFiles/nebulizer_firmware.dir/home/xuan/pico-sdk/src/rp2_common/pico_runtime_init/runtime_init.c.o
                0x000000001000d688                __pre_init_runtime_init_rp2040_gpio_ie_disable
 .preinit_array.01000
                0x000000001000d68c        0x4 CMakeFiles/nebulizer_firmware.dir/home/xuan/pico-sdk/src/rp2_common/pico_runtime_init/runtime_init.c.o
                0x000000001000d68c                __pre_init_runtime_init_spin_locks_reset
 .preinit_array.01100
                0x000000001000d690        0x4 CMakeFiles/nebulizer_firmware.dir/home/xuan/pico-sdk/src/common/pico_sync/mutex.c.o
                0x000000001000d690                __pre_init_runtime_init_mutex
 .preinit_array.10080
                0x000000001000d694        0x4 CMakeFiles/nebulizer_firmware.dir/home/xuan/pico-sdk/src/rp2_common/pico_runtime_init/runtime_init.c.o
                0x000000001000d694                __pre_init_runtime_init_install_ram_vector_table
 .preinit_array.11000
                0x000000001000d698        0x4 CMakeFiles/nebulizer_firmware.dir/home/xuan/pico-sdk/src/common/pico_time/time.c.o
                0x000000001000d698                __pre_init_runtime_init_default_alarm_pool
 .preinit_array.YYYYY
                0x000000001000d69c        0x4 CMakeFiles/nebulizer_firmware.dir/home/xuan/pico-sdk/src/rp2_common/pico_runtime/runtime.c.o
                0x000000001000d69c                __pre_init_first_per_core_initializer
 .preinit_array.ZZZZZ.01200
                0x000000001000d6a0        0x4 CMakeFiles/nebulizer_firmware.dir/home/xuan/pico-sdk/src/rp2_common/hardware_irq/irq.c.o
                0x000000001000d6a0                __pre_init_runtime_init_per_core_irq_priorities
 *(.preinit_array)
                0x000000001000d6a4                PROVIDE (__preinit_array_end = .)
                0x000000001000d6a4                . = ALIGN (0x4)
                0x000000001000d6a4                PROVIDE (__init_array_start = .)
 *(SORT_BY_NAME(.init_array.*))
 *(.init_array)
 .init_array    0x000000001000d6a4        0x4 /usr/lib/gcc/arm-none-eabi/10.3.1/thumb/v6-m/nofp/crtbegin.o
 .init_array    0x000000001000d6a8        0x4 CMakeFiles/nebulizer_firmware.dir/home/xuan/pico-sdk/src/rp2_common/pico_unique_id/unique_id.c.o
                0x000000001000d6ac                PROVIDE (__init_array_end = .)
                0x000000001000d6ac                . = ALIGN (0x4)
                0x000000001000d6ac                PROVIDE (__fini_array_start = .)
 *(SORT_BY_NAME(.fini_array.*))
 *(.fini_array)
                0x000000001000d6ac                PROVIDE (__fini_array_end = .)
 *(.eh_frame*)
 .eh_frame      0x000000001000d6ac        0x0 /usr/lib/gcc/arm-none-eabi/10.3.1/thumb/v6-m/nofp/crtbegin.o
                0x000000001000d6ac                . = ALIGN (0x4)

.glue_7         0x000000001000d6ac        0x0
 .glue_7        0x000000001000d6ac        0x0 linker stubs

.glue_7t        0x000000001000d6ac        0x0
 .glue_7t       0x000000001000d6ac        0x0 linker stubs

.vfp11_veneer   0x000000001000d6ac        0x0
 .vfp11_veneer  0x000000001000d6ac        0x0 linker stubs

.v4_bx          0x000000001000d6ac        0x0
 .v4_bx         0x000000001000d6ac        0x0 linker stubs

.iplt           0x000000001000d6ac        0x0
 .iplt          0x000000001000d6ac        0x0 /usr/lib/gcc/arm-none-eabi/10.3.1/thumb/v6-m/nofp/crtbegin.o

.rodata         0x000000001000d6b0     0x1380
 *(EXCLUDE_FILE(*libm.a: *libc.a:*lib_a-mem*.o *libgcc.a:) .rodata*)
 .rodata.nebulizer_timer_callback.str1.4
                0x000000001000d6b0       0x1e CMakeFiles/nebulizer_firmware.dir/nebulizer_firmware.c.o
 *fill*         0x000000001000d6ce        0x2 
 .rodata.control_nebulizer.str1.4
                0x000000001000d6d0       0x52 CMakeFiles/nebulizer_firmware.dir/nebulizer_firmware.c.o
 *fill*         0x000000001000d722        0x2 
 .rodata.main.str1.4
                0x000000001000d724       0x77 CMakeFiles/nebulizer_firmware.dir/nebulizer_firmware.c.o
 *fill*         0x000000001000d79b        0x1 
 .rodata.panic.str1.4
                0x000000001000d79c       0x10 CMakeFiles/nebulizer_firmware.dir/home/xuan/pico-sdk/src/rp2_common/pico_platform_panic/panic.c.o
                                         0x12 (size before relaxing)
 .rodata.spin_lock_claim_unused.str1.4
                0x000000001000d7ac       0x1b CMakeFiles/nebulizer_firmware.dir/home/xuan/pico-sdk/src/rp2_common/hardware_sync/sync.c.o
 *fill*         0x000000001000d7c7        0x1 
 .rodata.user_irq_claim_unused.str1.4
                0x000000001000d7c8       0x1b CMakeFiles/nebulizer_firmware.dir/home/xuan/pico-sdk/src/rp2_common/hardware_irq/irq.c.o
 *fill*         0x000000001000d7e3        0x5 
 .rodata.at_the_end_of_time
                0x000000001000d7e8        0x8 CMakeFiles/nebulizer_firmware.dir/home/xuan/pico-sdk/src/common/pico_time/time.c.o
                0x000000001000d7e8                at_the_end_of_time
 .rodata.timer_hardware_alarm_claim.str1.4
                0x000000001000d7f0       0x22 CMakeFiles/nebulizer_firmware.dir/home/xuan/pico-sdk/src/rp2_common/hardware_timer/timer.c.o
 *fill*         0x000000001000d812        0x2 
 .rodata.hard_assertion_failure.str1.4
                0x000000001000d814        0xc CMakeFiles/nebulizer_firmware.dir/home/xuan/pico-sdk/src/rp2_common/pico_runtime/runtime.c.o
 .rodata.str1.4
                0x000000001000d820       0x48 CMakeFiles/nebulizer_firmware.dir/home/xuan/pico-sdk/src/rp2_common/pico_standard_binary_info/standard_binary_info.c.o
 .rodata.__bi_26
                0x000000001000d868        0xc CMakeFiles/nebulizer_firmware.dir/home/xuan/pico-sdk/src/rp2_common/pico_standard_binary_info/standard_binary_info.c.o
 .rodata.__bi_34
                0x000000001000d874        0xc CMakeFiles/nebulizer_firmware.dir/home/xuan/pico-sdk/src/rp2_common/pico_standard_binary_info/standard_binary_info.c.o
 .rodata.__bi_42
                0x000000001000d880        0xc CMakeFiles/nebulizer_firmware.dir/home/xuan/pico-sdk/src/rp2_common/pico_standard_binary_info/standard_binary_info.c.o
 .rodata.__bi_48
                0x000000001000d88c        0xc CMakeFiles/nebulizer_firmware.dir/home/xuan/pico-sdk/src/rp2_common/pico_standard_binary_info/standard_binary_info.c.o
 .rodata.__bi_54
                0x000000001000d898        0xc CMakeFiles/nebulizer_firmware.dir/home/xuan/pico-sdk/src/rp2_common/pico_standard_binary_info/standard_binary_info.c.o
 .rodata.__bi_78
                0x000000001000d8a4        0xc CMakeFiles/nebulizer_firmware.dir/home/xuan/pico-sdk/src/rp2_common/pico_standard_binary_info/standard_binary_info.c.o
 .rodata.__bi_84
                0x000000001000d8b0        0xc CMakeFiles/nebulizer_firmware.dir/home/xuan/pico-sdk/src/rp2_common/pico_standard_binary_info/standard_binary_info.c.o
 .rodata._ftoa.str1.4
                0x000000001000d8bc       0x15 CMakeFiles/nebulizer_firmware.dir/home/xuan/pico-sdk/src/rp2_common/pico_printf/printf.c.o
 *fill*         0x000000001000d8d1        0x3 
 .rodata._vsnprintf
                0x000000001000d8d4      0x1e0 CMakeFiles/nebulizer_firmware.dir/home/xuan/pico-sdk/src/rp2_common/pico_printf/printf.c.o
 *fill*         0x000000001000dab4        0x4 
 .rodata.pow10.0
                0x000000001000dab8       0x50 CMakeFiles/nebulizer_firmware.dir/home/xuan/pico-sdk/src/rp2_common/pico_printf/printf.c.o
 .rodata.__assert_func.str1.4
                0x000000001000db08       0x3f CMakeFiles/nebulizer_firmware.dir/home/xuan/pico-sdk/src/rp2_common/pico_clib_interface/newlib_interface.c.o
                                         0x43 (size before relaxing)
 *fill*         0x000000001000db47        0x1 
 .rodata.crlf_str.0
                0x000000001000db48        0x2 CMakeFiles/nebulizer_firmware.dir/home/xuan/pico-sdk/src/rp2_common/pico_stdio/stdio.c.o
 *fill*         0x000000001000db4a        0x2 
 .rodata.str1.4
                0x000000001000db4c       0x2c CMakeFiles/nebulizer_firmware.dir/home/xuan/pico-sdk/src/rp2_common/pico_stdio_uart/stdio_uart.c.o
 .rodata.__bi_45.4
                0x000000001000db78        0xc CMakeFiles/nebulizer_firmware.dir/home/xuan/pico-sdk/src/rp2_common/pico_stdio_uart/stdio_uart.c.o
 .rodata.__bi_49.5
                0x000000001000db84        0x8 CMakeFiles/nebulizer_firmware.dir/home/xuan/pico-sdk/src/rp2_common/pico_stdio_uart/stdio_uart.c.o
 .rodata.__bi_50.6
                0x000000001000db8c        0x8 CMakeFiles/nebulizer_firmware.dir/home/xuan/pico-sdk/src/rp2_common/pico_stdio_uart/stdio_uart.c.o
 .rodata._resetd_driver
                0x000000001000db94       0x20 CMakeFiles/nebulizer_firmware.dir/home/xuan/pico-sdk/src/rp2_common/pico_stdio_usb/reset_interface.c.o
 .rodata.desc_bos
                0x000000001000dbb4       0x21 CMakeFiles/nebulizer_firmware.dir/home/xuan/pico-sdk/src/rp2_common/pico_stdio_usb/reset_interface.c.o
                0x000000001000dbb4                desc_bos
 *fill*         0x000000001000dbd5        0x3 
 .rodata.desc_ms_os_20
                0x000000001000dbd8       0xa6 CMakeFiles/nebulizer_firmware.dir/home/xuan/pico-sdk/src/rp2_common/pico_stdio_usb/reset_interface.c.o
 *fill*         0x000000001000dc7e        0x2 
 .rodata.str1.4
                0x000000001000dc80       0x13 CMakeFiles/nebulizer_firmware.dir/home/xuan/pico-sdk/src/rp2_common/pico_stdio_usb/stdio_usb.c.o
 *fill*         0x000000001000dc93        0x1 
 .rodata.__bi_197.0
                0x000000001000dc94        0xc CMakeFiles/nebulizer_firmware.dir/home/xuan/pico-sdk/src/rp2_common/pico_stdio_usb/stdio_usb.c.o
 .rodata.str1.4
                0x000000001000dca0       0x2a CMakeFiles/nebulizer_firmware.dir/home/xuan/pico-sdk/src/rp2_common/pico_stdio_usb/stdio_usb_descriptors.c.o
 *fill*         0x000000001000dcca        0x2 
 .rodata.usbd_desc_cfg
                0x000000001000dccc       0x54 CMakeFiles/nebulizer_firmware.dir/home/xuan/pico-sdk/src/rp2_common/pico_stdio_usb/stdio_usb_descriptors.c.o
 .rodata.usbd_desc_device
                0x000000001000dd20       0x12 CMakeFiles/nebulizer_firmware.dir/home/xuan/pico-sdk/src/rp2_common/pico_stdio_usb/stdio_usb_descriptors.c.o
 *fill*         0x000000001000dd32        0x2 
 .rodata.usbd_desc_str
                0x000000001000dd34       0x18 CMakeFiles/nebulizer_firmware.dir/home/xuan/pico-sdk/src/rp2_common/pico_stdio_usb/stdio_usb_descriptors.c.o
 .rodata.str1.4
                0x000000001000dd4c       0x14 CMakeFiles/nebulizer_firmware.dir/home/xuan/pico-sdk/lib/tinyusb/src/portable/raspberrypi/rp2040/dcd_rp2040.c.o
 .rodata.str1.4
                0x000000001000dd60       0x48 CMakeFiles/nebulizer_firmware.dir/home/xuan/pico-sdk/lib/tinyusb/src/portable/raspberrypi/rp2040/rp2040_usb.c.o
 .rodata.tud_task_ext
                0x000000001000dda8       0x8c CMakeFiles/nebulizer_firmware.dir/home/xuan/pico-sdk/lib/tinyusb/src/device/usbd.c.o
 .rodata        0x000000001000de34       0x1c CMakeFiles/nebulizer_firmware.dir/home/xuan/pico-sdk/lib/tinyusb/src/device/usbd.c.o
 .rodata._usbd_driver
                0x000000001000de50       0x40 CMakeFiles/nebulizer_firmware.dir/home/xuan/pico-sdk/lib/tinyusb/src/device/usbd.c.o
 .rodata        0x000000001000de90        0x4 /usr/lib/gcc/arm-none-eabi/10.3.1/../../../arm-none-eabi/lib/thumb/v6-m/nofp/libg.a(lib_a-impure.o)
                0x000000001000de90                _global_impure_ptr
 .rodata.str1.4
                0x000000001000de94        0x5 /usr/lib/gcc/arm-none-eabi/10.3.1/../../../arm-none-eabi/lib/thumb/v6-m/nofp/libg.a(lib_a-svfscanf.o)
                                          0x9 (size before relaxing)
 *fill*         0x000000001000de99        0x3 
 .rodata        0x000000001000de9c      0x3e6 /usr/lib/gcc/arm-none-eabi/10.3.1/../../../arm-none-eabi/lib/thumb/v6-m/nofp/libg.a(lib_a-svfscanf.o)
 *fill*         0x000000001000e282        0x2 
 .rodata        0x000000001000e284      0x101 /usr/lib/gcc/arm-none-eabi/10.3.1/../../../arm-none-eabi/lib/thumb/v6-m/nofp/libg.a(lib_a-ctype_.o)
                0x000000001000e284                _ctype_
 *fill*         0x000000001000e385        0x3 
 .rodata.str1.4
                0x000000001000e388        0xa /usr/lib/gcc/arm-none-eabi/10.3.1/../../../arm-none-eabi/lib/thumb/v6-m/nofp/libg.a(lib_a-locale.o)
                                         0x12 (size before relaxing)
 .rodata.str1.4
                0x000000001000e392        0x1 /usr/lib/gcc/arm-none-eabi/10.3.1/../../../arm-none-eabi/lib/thumb/v6-m/nofp/libg.a(lib_a-mbrtowc.o)
 *fill*         0x000000001000e392        0x2 
 .rodata.str1.4
                0x000000001000e394        0xf /usr/lib/gcc/arm-none-eabi/10.3.1/../../../arm-none-eabi/lib/thumb/v6-m/nofp/libg.a(lib_a-strtod.o)
                                         0x11 (size before relaxing)
 *fill*         0x000000001000e3a3        0x5 
 .rodata        0x000000001000e3a8      0x120 /usr/lib/gcc/arm-none-eabi/10.3.1/../../../arm-none-eabi/lib/thumb/v6-m/nofp/libg.a(lib_a-strtod.o)
 .rodata        0x000000001000e4c8      0x2aa /usr/lib/gcc/arm-none-eabi/10.3.1/../../../arm-none-eabi/lib/thumb/v6-m/nofp/libg.a(lib_a-svfiscanf.o)
 *fill*         0x000000001000e772        0x2 
 .rodata.str1.4
                0x000000001000e774       0x4e /usr/lib/gcc/arm-none-eabi/10.3.1/../../../arm-none-eabi/lib/thumb/v6-m/nofp/libg.a(lib_a-gdtoa-gethex.o)
 *fill*         0x000000001000e7c2        0x2 
 .rodata        0x000000001000e7c4      0x100 /usr/lib/gcc/arm-none-eabi/10.3.1/../../../arm-none-eabi/lib/thumb/v6-m/nofp/libg.a(lib_a-gdtoa-gethex.o)
                0x000000001000e7c4                __hexdig
 .rodata.str1.4
                0x000000001000e8c4        0x5 /usr/lib/gcc/arm-none-eabi/10.3.1/../../../arm-none-eabi/lib/thumb/v6-m/nofp/libg.a(lib_a-lnumeric.o)
 .rodata        0x000000001000e8c4        0xc /usr/lib/gcc/arm-none-eabi/10.3.1/../../../arm-none-eabi/lib/thumb/v6-m/nofp/libg.a(lib_a-lnumeric.o)
                0x000000001000e8c4                _C_numeric_locale
 .rodata.str1.4
                0x000000001000e8d0       0x33 /usr/lib/gcc/arm-none-eabi/10.3.1/../../../arm-none-eabi/lib/thumb/v6-m/nofp/libg.a(lib_a-mprec.o)
                                         0x47 (size before relaxing)
 *fill*         0x000000001000e903        0x5 
 .rodata        0x000000001000e908      0x128 /usr/lib/gcc/arm-none-eabi/10.3.1/../../../arm-none-eabi/lib/thumb/v6-m/nofp/libg.a(lib_a-mprec.o)
                0x000000001000e918                __mprec_tinytens
                0x000000001000e940                __mprec_bigtens
                0x000000001000e968                __mprec_tens
                0x000000001000ea30                . = ALIGN (0x4)
 *(SORT_BY_ALIGNMENT(SORT_BY_NAME(.flashdata*)))
                0x000000001000ea30                . = ALIGN (0x4)

.ARM.extab
 *(.ARM.extab* .gnu.linkonce.armextab.*)
                0x000000001000ea30                __exidx_start = .

.ARM.exidx
 *(.ARM.exidx* .gnu.linkonce.armexidx.*)
                0x000000001000ea30                __exidx_end = .
                0x000000001000ea30                . = ALIGN (0x4)
                0x000000001000ea30                __binary_info_start = .

.binary_info    0x000000001000ea30       0x2c
 *(.binary_info.keep.*)
 .binary_info.keep.__bi_ptr26
                0x000000001000ea30        0x4 CMakeFiles/nebulizer_firmware.dir/home/xuan/pico-sdk/src/rp2_common/pico_standard_binary_info/standard_binary_info.c.o
 .binary_info.keep.__bi_ptr34
                0x000000001000ea34        0x4 CMakeFiles/nebulizer_firmware.dir/home/xuan/pico-sdk/src/rp2_common/pico_standard_binary_info/standard_binary_info.c.o
 .binary_info.keep.__bi_ptr42
                0x000000001000ea38        0x4 CMakeFiles/nebulizer_firmware.dir/home/xuan/pico-sdk/src/rp2_common/pico_standard_binary_info/standard_binary_info.c.o
 .binary_info.keep.__bi_ptr48
                0x000000001000ea3c        0x4 CMakeFiles/nebulizer_firmware.dir/home/xuan/pico-sdk/src/rp2_common/pico_standard_binary_info/standard_binary_info.c.o
 .binary_info.keep.__bi_ptr54
                0x000000001000ea40        0x4 CMakeFiles/nebulizer_firmware.dir/home/xuan/pico-sdk/src/rp2_common/pico_standard_binary_info/standard_binary_info.c.o
 .binary_info.keep.__bi_ptr78
                0x000000001000ea44        0x4 CMakeFiles/nebulizer_firmware.dir/home/xuan/pico-sdk/src/rp2_common/pico_standard_binary_info/standard_binary_info.c.o